NATIVE DISCOVER rssi=-32
[0.000] OTAB AUTH ok
[0.000] BENCH interval requested; inspect link after settling
[0.000] BENCH LINK interval=8 mtu=517 phy_known=1 tx=2 rx=2 timeout=72 latency=0
[0.000] BENCH BUFFERS msys1=50 size=256 msys2=96 acl=96 ce=0
[0.000] OTAB INFO run=app0 slot=1572864
[0.000] OTAB BASE a5d0a0826bf7b0045f1a9c279b7d4e4aee2cb4dce9f0b95b5eb2b27adb84268d
[0.000] OTAB RESUME none
[0.000] OTAB XFORM raw,tamp,delta
[0.003] BENCH COC min_mtu=1251 local_mtu=5000 local_mps=247
[0.414] OTAB RING 262144
[0.414] OTAB READY part=app1 size=754624 xform=raw out=754624
[9.235] OTAB STAT write_ms=2440 calls=528 erase_ms=2053 out=754624
[9.424] OTAB SKIP kept=0 wrote=185 erases=11 erase_ms=2053
[9.424] OTAB FLASH mode=internal program_bytes=754624 erase_bytes=757760
[9.424] OTAB TIME begin_ms=227 program_ms=2438 compare_us=0
[9.424] OTAB OK rebooting
NATIVE_RESULT {"backend":"native-CoreBluetooth-CoC","before":{"base":"a5d0a0826bf7b0045f1a9c279b7d4e4aee2cb4dce9f0b95b5eb2b27adb84268d","run":"app0","slot":1572864},"bytes":754624,"elapsed":10.252649249999999,"lines":[[0,"OTAB AUTH ok"],[0,"BENCH interval requested; inspect link after settling"],[0,"BENCH LINK interval=8 mtu=517 phy_known=1 tx=2 rx=2 timeout=72 latency=0"],[0,"BENCH BUFFERS msys1=50 size=256 msys2=96 acl=96 ce=0"],[0,"OTAB INFO run=app0 slot=1572864"],[0,"OTAB BASE a5d0a0826bf7b0045f1a9c279b7d4e4aee2cb4dce9f0b95b5eb2b27adb84268d"],[0,"OTAB RESUME none"],[0,"OTAB XFORM raw,tamp,delta"],[0.0032212920000000002,"BENCH COC min_mtu=1251 local_mtu=5000 local_mps=247"],[0.41404350000000001,"OTAB RING 262144"],[0.41423370799999998,"OTAB READY part=app1 size=754624 xform=raw out=754624"],[0.414306917,"OTAB CRED 262144"],[1.0068178750000001,"OTAB CRED 290414"],[1.236813792,"OTAB CRED 310974"],[1.5052608329999999,"OTAB PROG 77100\/754624"],[1.5052715000000001,"OTAB CRED 339244"],[1.756939292,"OTAB CRED 359804"],[1.9751438750000001,"OTAB CRED 380364"],[2.2251254170000001,"OTAB CRED 403494"],[2.4366750000000001,"OTAB PROG 162392\/754624"],[2.4366847919999999,"OTAB CRED 424536"],[2.9451930829999999,"OTAB CRED 445096"],[3.1354974169999998,"OTAB PROG 234352\/754624"],[3.135507917,"OTAB CRED 496496"],[3.3752890830000002,"OTAB CRED 514486"],[3.5967823750000001,"OTAB CRED 532476"],[3.8059690000000002,"OTAB CRED 550466"],[3.9154712919999999,"OTAB PROG 301172\/754624"],[3.9658660829999999,"OTAB CRED 568456"],[4.2153883749999999,"OTAB CRED 586446"],[4.4257115000000002,"OTAB CRED 604436"],[4.5960648749999997,"OTAB CRED 622426"],[4.7052560000000003,"OTAB PROG 367992\/754624"],[4.8154440000000003,"OTAB CRED 640416"],[5.0175827079999999,"OTAB CRED 658406"],[5.2062097920000001,"OTAB CRED 676396"],[5.4450780419999996,"OTAB CRED 694386"],[5.4751215000000002,"OTAB PROG 434812\/754624"],[5.6767523329999996,"OTAB CRED 712376"],[5.9353418749999998,"OTAB CRED 730366"],[6.0953444169999997,"OTAB CRED 748356"],[6.2253869579999996,"OTAB CRED 754624"],[6.285370167,"OTAB PROG 501632\/754624"],[7.0070617080000002,"OTAB PROG 568452\/754624"],[7.7554548749999999,"OTAB PROG 635272\/754624"],[8.6356870830000005,"OTAB PROG 702092\/754624"],[9.2348226669999995,"OTAB PROG 754624\/754624"],[9.2349007919999995,"OTAB STAT write_ms=2440 calls=528 erase_ms=2053 out=754624"],[9.4241823749999991,"OTAB SKIP kept=0 wrote=185 erases=11 erase_ms=2053"],[9.4243468749999995,"OTAB FLASH mode=internal program_bytes=754624 erase_bytes=757760"],[9.4243703330000006,"OTAB TIME begin_ms=227 program_ms=2438 compare_us=0"],[9.4243878750000007,"OTAB OK rebooting"]],"payload_sha256":"902e774c2bd1811f2982ea318c38b64191d4b402a4d9a0c19c085e9604704d33","ready_callbacks":290,"sent":754624,"transfer_hint":true,"writes":292}

SETUP OTAB AUTH ok
RESULT {"after": {"base": "f408a9dc9eb8a54e57a26d1ae3792059e1bfdad8e5991003dc0ba0d7b5c51de0", "resume": null, "resume_capable": true, "run": "app1", "slot": 1572864, "xforms": ["raw", "tamp", "delta"]}, "backend": "native-CoreBluetooth-CoC", "before": {"base": "a5d0a0826bf7b0045f1a9c279b7d4e4aee2cb4dce9f0b95b5eb2b27adb84268d", "run": "app0", "slot": 1572864}, "burst": 1, "bytes": 754624, "chunk": null, "elapsed": 10.25264925, "flash": {"erase_bytes": "757760", "mode": "internal", "program_bytes": "754624"}, "image": "/tmp/node_X.bin", "image_kB_s": 73.60283001976295, "kB_s": 73.60283001976295, "payload_sha256": "902e774c2bd1811f2982ea318c38b64191d4b402a4d9a0c19c085e9604704d33", "purpose": "measure", "ready_callbacks": 290, "real_write": true, "sent": 754624, "skip": {"erase_ms": "2053", "erases": "11", "kept": "0", "wrote": "185"}, "source_sha256": {"native_push.swift": "5bd361229902f2f5629e5acbab95fd627326b9d769047479defc8a96d9912b41", "node/tools/bench_ble_ota.py": "78bf3268f84711cac6b882a925c451d3535967d44a1e8c2bb6b140f28c2c1d4a", "run_native.py": "69fe184008fbb07f939af2fa44eaf145a52d566edd345fab6157f902d777fc44"}, "stats": {"calls": "528", "erase_ms": "2053", "out": "754624", "write_ms": "2440"}, "stream_write_max": 4096, "timing": {"begin_ms": "227", "compare_us": "0", "program_ms": "2438"}, "transfer_hint": true, "verified": true, "wire": "raw", "wire_bytes": 754624, "writes": 292}
