SETUP OTAB AUTH ok
BEFORE {"base": "f408a9dc9eb8a54e57a26d1ae3792059e1bfdad8e5991003dc0ba0d7b5c51de0", "resume": null, "resume_capable": true, "run": "app0", "slot": 1572864, "xforms": ["raw", "tamp", "delta"]}
LINK mtu=515 max_write=512 chunk=495
delta against node_X.bin
[0.190] OTAB RING 262144
[0.191] OTAB READY part=app1 size=224410 xform=delta out=724288
[8.501] OTAB STAT write_ms=1145 calls=436 erase_ms=45 out=724288
VERIFY RETRY RuntimeError('bench device not found')
VERIFY RETRY RuntimeError('bench device not found')
VERIFY RETRY RuntimeError('bench device not found')
VERIFY RETRY RuntimeError('bench device not found')
RESULT {"after": null, "before": {"base": "f408a9dc9eb8a54e57a26d1ae3792059e1bfdad8e5991003dc0ba0d7b5c51de0", "resume": null, "resume_capable": true, "run": "app0", "slot": 1572864, "xforms": ["raw", "tamp", "delta"]}, "burst": 1, "bytes": 724288, "chunk": 495, "elapsed": 9.494592500035651, "flash": {}, "image": "/Users/fab/o2p-push/ota-throughput-next/node_Xip.bin", "image_kB_s": 76.28426391098726, "kB_s": 23.63555887197448, "name": "farmnode-202A29", "negotiated_setup": ["OTAB AUTH ok"], "paced_writes": 452, "payload_build_s": 0.4086696250597015, "poll_s": null, "purpose": "install", "ready_callbacks": null, "ready_event": false, "real_write": null, "setup": [], "skip": {}, "stats": {"calls": "436", "erase_ms": "45", "out": "724288", "write_ms": "1145"}, "timing": {}, "transfer_hint": true, "verified": false, "wire": "delta", "wire_bytes": 224410}
Traceback (most recent call last):
  File "/Users/fab/o2p-push/ota-throughput-next/node/tools/bench_ble_ota.py", line 222, in <module>
    asyncio.run(run(ap.parse_args()))
    ~~~~~~~~~~~^^^^^^^^^^^^^^^^^^^^^^
  File "/opt/homebrew/Cellar/python@3.14/3.14.7/Frameworks/Python.framework/Versions/3.14/lib/python3.14/asyncio/runners.py", line 205, in run
    return runner.run(main)
           ~~~~~~~~~~^^^^^^
  File "/opt/homebrew/Cellar/python@3.14/3.14.7/Frameworks/Python.framework/Versions/3.14/lib/python3.14/asyncio/runners.py", line 128, in run
    return self._loop.run_until_complete(task)
           ~~~~~~~~~~~~~~~~~~~~~~~~~~~~~^^^^^^
  File "/opt/homebrew/Cellar/python@3.14/3.14.7/Frameworks/Python.framework/Versions/3.14/lib/python3.14/asyncio/base_events.py", line 720, in run_until_complete
    return future.result()
           ~~~~~~~~~~~~~^^
  File "/Users/fab/o2p-push/ota-throughput-next/node/tools/bench_ble_ota.py", line 203, in run
    raise RuntimeError('run cannot count: image verification or real-write evidence failed')
RuntimeError: run cannot count: image verification or real-write evidence failed
