NATIVE DISCOVER rssi=-34
[0.000] OTAB AUTH ok
[0.000] BENCH interval requested; inspect link after settling
[0.000] BENCH LINK interval=8 mtu=517 phy_known=1 tx=2 rx=2 timeout=72 latency=0
[0.000] BENCH BUFFERS msys1=50 size=256 msys2=96 acl=96 ce=2
[0.000] OTAB INFO run=app1 slot=1572864
[0.000] OTAB BASE 9f8abf18b2ad59476c71f4c3ab757b6e9bc3fb8b7f5f5a95cb64263f015ba587
[0.000] OTAB RESUME none
[0.000] OTAB XFORM raw,tamp,delta
[0.407] OTAB RING 262144
[0.407] OTAB READY part=app0 size=754624 xform=raw out=754624
[8.436] OTAB STAT write_ms=2522 calls=917 erase_ms=2148 out=754624
[8.625] OTAB SKIP kept=0 wrote=185 erases=11 erase_ms=2148
[8.625] OTAB FLASH mode=internal program_bytes=754624 erase_bytes=757760
[8.626] OTAB TIME begin_ms=219 program_ms=2519 compare_us=0
[8.626] OTAB OK rebooting
[8.626] BENCH REBOOT graceful=1
NATIVE_RESULT {"backend":"native-CoreBluetooth","before":{"base":"9f8abf18b2ad59476c71f4c3ab757b6e9bc3fb8b7f5f5a95cb64263f015ba587","run":"app1","slot":1572864},"burst":1,"bytes":754624,"chunk":495,"elapsed":8.6778587080000005,"interval_request":8,"lines":[[0,"OTAB AUTH ok"],[0,"BENCH interval requested; inspect link after settling"],[0,"BENCH LINK interval=8 mtu=517 phy_known=1 tx=2 rx=2 timeout=72 latency=0"],[0,"BENCH BUFFERS msys1=50 size=256 msys2=96 acl=96 ce=2"],[0,"OTAB INFO run=app1 slot=1572864"],[0,"OTAB BASE 9f8abf18b2ad59476c71f4c3ab757b6e9bc3fb8b7f5f5a95cb64263f015ba587"],[0,"OTAB RESUME none"],[0,"OTAB XFORM raw,tamp,delta"],[0.40660258300000002,"OTAB RING 262144"],[0.40709475000000001,"OTAB READY part=app0 size=754624 xform=raw out=754624"],[0.407156458,"OTAB CRED 262144"],[1.016721041,"OTAB CRED 301744"],[1.2566544580000001,"OTAB CRED 322039"],[1.477089458,"OTAB PROG 77220\/754624"],[1.4771027080000001,"OTAB CRED 339364"],[1.746904708,"OTAB CRED 367084"],[1.9964985829999999,"OTAB CRED 391834"],[2.2369024579999999,"OTAB PROG 150480\/754624"],[2.2369126659999998,"OTAB CRED 412624"],[2.5068513750000001,"OTAB CRED 442324"],[3.1265377499999998,"OTAB CRED 469549"],[3.3968967499999998,"OTAB PROG 280170\/754624"],[3.3969144999999998,"OTAB CRED 542314"],[3.6065089160000001,"OTAB CRED 559144"],[3.7868957079999999,"OTAB CRED 575974"],[3.986675666,"OTAB CRED 592804"],[4.1065324160000003,"OTAB PROG 346005\/754624"],[4.1169257080000001,"OTAB CRED 609634"],[4.3068996659999996,"OTAB CRED 626464"],[4.5070799160000004,"OTAB CRED 644284"],[4.6665142499999996,"OTAB CRED 661114"],[4.8275957500000004,"OTAB PROG 411840\/754624"],[4.8567454579999998,"OTAB CRED 677944"],[5.0070757080000003,"OTAB CRED 694774"],[5.1869127500000003,"OTAB CRED 711604"],[5.3265356659999998,"OTAB CRED 728434"],[5.45749,"OTAB PROG 477675\/754624"],[5.5258290829999996,"OTAB CRED 745264"],[5.5874212500000002,"OTAB CRED 754624"],[6.19658525,"OTAB PROG 543510\/754624"],[6.9165743329999998,"OTAB PROG 609345\/754624"],[7.6169269159999997,"OTAB PROG 675180\/754624"],[8.2669607500000009,"OTAB PROG 741015\/754624"],[8.436225125,"OTAB PROG 754624\/754624"],[8.4363473750000004,"OTAB STAT write_ms=2522 calls=917 erase_ms=2148 out=754624"],[8.6254125829999992,"OTAB SKIP kept=0 wrote=185 erases=11 erase_ms=2148"],[8.6254930410000004,"OTAB FLASH mode=internal program_bytes=754624 erase_bytes=757760"],[8.6255154580000006,"OTAB TIME begin_ms=219 program_ms=2519 compare_us=0"],[8.6255339160000002,"OTAB OK rebooting"],[8.6255495,"BENCH REBOOT graceful=1"]],"nosleep_requested":false,"payload_sha256":"902e774c2bd1811f2982ea318c38b64191d4b402a4d9a0c19c085e9604704d33","ready_callbacks":1525,"sent":754624,"transfer_hint":true,"writes":1525}

VERIFY RETRY RuntimeError('bench device not found')
SETUP OTAB AUTH ok
RESULT {"after": {"base": "f408a9dc9eb8a54e57a26d1ae3792059e1bfdad8e5991003dc0ba0d7b5c51de0", "resume": null, "resume_capable": true, "run": "app0", "slot": 1572864, "xforms": ["raw", "tamp", "delta"]}, "backend": "native-CoreBluetooth", "before": {"base": "9f8abf18b2ad59476c71f4c3ab757b6e9bc3fb8b7f5f5a95cb64263f015ba587", "run": "app1", "slot": 1572864}, "burst": 1, "bytes": 754624, "chunk": 495, "elapsed": 8.677858708, "flash": {"erase_bytes": "757760", "mode": "internal", "program_bytes": "754624"}, "image": "/tmp/node_X.bin", "image_kB_s": 86.95970116502616, "interval_request": 8, "kB_s": 86.95970116502616, "nosleep_requested": false, "payload_sha256": "902e774c2bd1811f2982ea318c38b64191d4b402a4d9a0c19c085e9604704d33", "purpose": "measure", "ready_callbacks": 1525, "real_write": true, "sent": 754624, "skip": {"erase_ms": "2148", "erases": "11", "kept": "0", "wrote": "185"}, "source_sha256": {"native_push_tuned.swift": "4e5c8bac3c4bfba1ed736b86ff82f7bb7e50872380aa1c1dac1f0240da9c9d91", "node/tools/bench_ble_ota.py": "78bf3268f84711cac6b882a925c451d3535967d44a1e8c2bb6b140f28c2c1d4a", "run_native_tuned.py": "05f6017bc7c9c2d644f02f89d38102fe0be01e0af9668f6de69108718d54b1a8"}, "stats": {"calls": "917", "erase_ms": "2148", "out": "754624", "write_ms": "2522"}, "stream_write_max": null, "timing": {"begin_ms": "219", "compare_us": "0", "program_ms": "2519"}, "transfer_hint": true, "verified": true, "wire": "raw", "wire_bytes": 754624, "writes": 1525}
