NATIVE DISCOVER rssi=-29
[0.000] OTAB AUTH ok
[0.000] BENCH interval requested; inspect link after settling
[0.000] BENCH LINK interval=8 mtu=517 phy_known=1 tx=2 rx=2 timeout=72 latency=0
[0.000] BENCH BUFFERS msys1=50 size=256 msys2=96 acl=96 ce=0
[0.000] OTAB INFO run=app1 slot=1572864
[0.000] OTAB BASE b7522385ba06205fc7e8b6cca98a6dead396a55ebbb1264bc65be4ff7510cb12
[0.000] OTAB RESUME none
[0.000] OTAB XFORM raw,tamp,delta
[0.002] BENCH COC min_mtu=1251 local_mtu=10000 local_mps=1000
[0.411] OTAB RING 262144
[0.411] OTAB READY part=app0 size=754624 xform=raw out=754624
[8.782] OTAB STAT write_ms=2536 calls=518 erase_ms=2155 out=754624
[8.981] OTAB SKIP kept=0 wrote=185 erases=11 erase_ms=2155
[8.982] OTAB FLASH mode=internal program_bytes=754624 erase_bytes=757760
[8.982] OTAB TIME begin_ms=220 program_ms=2534 compare_us=0
[8.982] OTAB OK rebooting
NATIVE_RESULT {"backend":"native-CoreBluetooth-CoC","before":{"base":"b7522385ba06205fc7e8b6cca98a6dead396a55ebbb1264bc65be4ff7510cb12","run":"app1","slot":1572864},"bytes":754624,"elapsed":9.7956679589999993,"lines":[[0,"OTAB AUTH ok"],[0,"BENCH interval requested; inspect link after settling"],[0,"BENCH LINK interval=8 mtu=517 phy_known=1 tx=2 rx=2 timeout=72 latency=0"],[0,"BENCH BUFFERS msys1=50 size=256 msys2=96 acl=96 ce=0"],[0,"OTAB INFO run=app1 slot=1572864"],[0,"OTAB BASE b7522385ba06205fc7e8b6cca98a6dead396a55ebbb1264bc65be4ff7510cb12"],[0,"OTAB RESUME none"],[0,"OTAB XFORM raw,tamp,delta"],[0.0015796250000000001,"BENCH COC min_mtu=1251 local_mtu=10000 local_mps=1000"],[0.41062366700000003,"OTAB RING 262144"],[0.41072545900000001,"OTAB READY part=app0 size=754624 xform=raw out=754624"],[0.41075008400000002,"OTAB CRED 262144"],[0.98053662500000005,"OTAB CRED 290414"],[1.253667375,"OTAB CRED 318684"],[1.5223887089999999,"OTAB PROG 84810\/754624"],[1.5224126250000001,"OTAB CRED 346954"],[1.753863167,"OTAB CRED 364944"],[1.9929034590000001,"OTAB CRED 382934"],[2.2124897090000002,"OTAB CRED 400924"],[2.4540492500000002,"OTAB PROG 159340\/754624"],[2.4540691250000002,"OTAB CRED 421484"],[3.0741032499999998,"OTAB CRED 449754"],[3.352948542,"OTAB PROG 259570\/754624"],[3.3529697089999999,"OTAB CRED 521714"],[3.5338733339999999,"OTAB CRED 539704"],[3.71327775,"OTAB CRED 557694"],[3.9224511249999998,"OTAB CRED 575684"],[4.023920167,"OTAB PROG 326390\/754624"],[4.1227672499999999,"OTAB CRED 593674"],[4.3425657920000003,"OTAB CRED 611664"],[4.5627620420000001,"OTAB CRED 629654"],[4.7927833340000001,"OTAB CRED 647644"],[4.8527894170000003,"OTAB PROG 393210\/754624"],[4.9631265840000003,"OTAB CRED 665634"],[5.1529841669999996,"OTAB CRED 683624"],[5.3825216249999999,"OTAB CRED 701614"],[5.5439638340000004,"OTAB CRED 719604"],[5.6032026669999997,"OTAB PROG 460030\/754624"],[5.7624429170000004,"OTAB CRED 737594"],[5.9626790420000004,"OTAB CRED 754624"],[6.3020888749999999,"OTAB PROG 526850\/754624"],[7.0458606670000004,"OTAB PROG 593670\/754624"],[7.7925127920000001,"OTAB PROG 660490\/754624"],[8.5028157919999998,"OTAB PROG 727310\/754624"],[8.7819970000000005,"OTAB PROG 754624\/754624"],[8.7820796249999997,"OTAB STAT write_ms=2536 calls=518 erase_ms=2155 out=754624"],[8.9814664999999998,"OTAB SKIP kept=0 wrote=185 erases=11 erase_ms=2155"],[8.9816760840000001,"OTAB FLASH mode=internal program_bytes=754624 erase_bytes=757760"],[8.9817525000000007,"OTAB TIME begin_ms=220 program_ms=2534 compare_us=0"],[8.9817914999999999,"OTAB OK rebooting"]],"payload_sha256":"902e774c2bd1811f2982ea318c38b64191d4b402a4d9a0c19c085e9604704d33","ready_callbacks":292,"sent":754624,"transfer_hint":true,"writes":292}

VERIFY RETRY RuntimeError('bench device not found')
SETUP OTAB AUTH ok
RESULT {"after": {"base": "f408a9dc9eb8a54e57a26d1ae3792059e1bfdad8e5991003dc0ba0d7b5c51de0", "resume": null, "resume_capable": true, "run": "app0", "slot": 1572864, "xforms": ["raw", "tamp", "delta"]}, "backend": "native-CoreBluetooth-CoC", "before": {"base": "b7522385ba06205fc7e8b6cca98a6dead396a55ebbb1264bc65be4ff7510cb12", "run": "app1", "slot": 1572864}, "burst": 1, "bytes": 754624, "chunk": null, "elapsed": 9.795667959, "flash": {"erase_bytes": "757760", "mode": "internal", "program_bytes": "754624"}, "image": "/tmp/node_X.bin", "image_kB_s": 77.03650258037499, "kB_s": 77.03650258037499, "payload_sha256": "902e774c2bd1811f2982ea318c38b64191d4b402a4d9a0c19c085e9604704d33", "purpose": "measure", "ready_callbacks": 292, "real_write": true, "sent": 754624, "skip": {"erase_ms": "2155", "erases": "11", "kept": "0", "wrote": "185"}, "source_sha256": {"native_push.swift": "5bd361229902f2f5629e5acbab95fd627326b9d769047479defc8a96d9912b41", "node/tools/bench_ble_ota.py": "78bf3268f84711cac6b882a925c451d3535967d44a1e8c2bb6b140f28c2c1d4a", "run_native.py": "69fe184008fbb07f939af2fa44eaf145a52d566edd345fab6157f902d777fc44"}, "stats": {"calls": "518", "erase_ms": "2155", "out": "754624", "write_ms": "2536"}, "stream_write_max": 4096, "timing": {"begin_ms": "220", "compare_us": "0", "program_ms": "2534"}, "transfer_hint": true, "verified": true, "wire": "raw", "wire_bytes": 754624, "writes": 292}
