NATIVE DISCOVER rssi=-30
[0.000] OTAB AUTH ok
[0.000] BENCH interval requested; inspect link after settling
[0.000] BENCH LINK interval=8 mtu=517 phy_known=1 tx=2 rx=2 timeout=72 latency=0
[0.000] BENCH BUFFERS msys1=50 size=256 msys2=96 acl=96 ce=2
[0.000] BENCH NOSLEEP rc=262
[0.000] OTAB INFO run=app1 slot=1572864
[0.000] OTAB BASE 868010a3e909cbf796bfc6cfc7ea5312514fe180bd2df0526f419449c39fbbbc
[0.000] OTAB RESUME none
[0.000] OTAB XFORM raw,tamp,delta
[0.394] OTAB RING 262144
[0.395] OTAB READY part=app0 size=754624 xform=raw out=754624
[8.446] OTAB STAT write_ms=2486 calls=915 erase_ms=2134 out=754624
[8.635] OTAB SKIP kept=0 wrote=185 erases=11 erase_ms=2134
[8.635] OTAB FLASH mode=internal program_bytes=754624 erase_bytes=757760
[8.635] OTAB TIME begin_ms=220 program_ms=2482 compare_us=0
[8.635] OTAB OK rebooting
NATIVE_RESULT {"backend":"native-CoreBluetooth","before":{"base":"868010a3e909cbf796bfc6cfc7ea5312514fe180bd2df0526f419449c39fbbbc","run":"app1","slot":1572864},"burst":1,"bytes":754624,"chunk":495,"elapsed":9.4530064169999992,"interval_request":8,"lines":[[0,"OTAB AUTH ok"],[0,"BENCH interval requested; inspect link after settling"],[0,"BENCH LINK interval=8 mtu=517 phy_known=1 tx=2 rx=2 timeout=72 latency=0"],[0,"BENCH BUFFERS msys1=50 size=256 msys2=96 acl=96 ce=2"],[0,"BENCH NOSLEEP rc=262"],[0,"OTAB INFO run=app1 slot=1572864"],[0,"OTAB BASE 868010a3e909cbf796bfc6cfc7ea5312514fe180bd2df0526f419449c39fbbbc"],[0,"OTAB RESUME none"],[0,"OTAB XFORM raw,tamp,delta"],[0.39443604199999999,"OTAB RING 262144"],[0.39480637499999999,"OTAB READY part=app0 size=754624 xform=raw out=754624"],[0.39498525000000001,"OTAB CRED 262144"],[0.78649079200000005,"OTAB CRED 280954"],[1.016043042,"OTAB CRED 302239"],[1.2459544170000001,"OTAB CRED 323029"],[1.4861385,"OTAB PROG 81180\/754624"],[1.486156542,"OTAB CRED 343324"],[1.716137,"OTAB CRED 362629"],[1.9863670419999999,"OTAB CRED 386884"],[2.2457910829999999,"OTAB PROG 153945\/754624"],[2.2458083750000002,"OTAB CRED 416089"],[2.4757703750000002,"OTAB CRED 434899"],[3.086053208,"OTAB CRED 465094"],[3.3662632079999999,"OTAB PROG 282150\/754624"],[3.3662822079999999,"OTAB CRED 544294"],[3.5960862499999999,"OTAB CRED 561124"],[3.7764087919999998,"OTAB CRED 578449"],[3.9760340420000002,"OTAB CRED 595279"],[4.1462046670000001,"OTAB PROG 347985\/754624"],[4.1667895420000001,"OTAB CRED 612604"],[4.3158958749999998,"OTAB CRED 629434"],[4.4959667080000001,"OTAB CRED 646264"],[4.6362925830000004,"OTAB CRED 663094"],[4.8059487079999998,"OTAB PROG 414810\/754624"],[4.8360947080000001,"OTAB CRED 679924"],[5.0358860419999996,"OTAB CRED 698734"],[5.1861664169999999,"OTAB CRED 715564"],[5.3674274579999999,"OTAB CRED 732394"],[5.4658531669999997,"OTAB PROG 480645\/754624"],[5.5059395420000001,"OTAB CRED 749224"],[5.5663606669999997,"OTAB CRED 754624"],[6.116850458,"OTAB PROG 546480\/754624"],[6.8661876670000002,"OTAB PROG 612315\/754624"],[7.6160317920000002,"OTAB PROG 678150\/754624"],[8.3563378749999995,"OTAB PROG 743985\/754624"],[8.4454735830000001,"OTAB PROG 754624\/754624"],[8.4455465420000007,"OTAB STAT write_ms=2486 calls=915 erase_ms=2134 out=754624"],[8.6352002500000005,"OTAB SKIP kept=0 wrote=185 erases=11 erase_ms=2134"],[8.6353928329999992,"OTAB FLASH mode=internal program_bytes=754624 erase_bytes=757760"],[8.6354190000000006,"OTAB TIME begin_ms=220 program_ms=2482 compare_us=0"],[8.6354370829999993,"OTAB OK rebooting"]],"nosleep_requested":true,"payload_sha256":"902e774c2bd1811f2982ea318c38b64191d4b402a4d9a0c19c085e9604704d33","ready_callbacks":1525,"sent":754624,"transfer_hint":true,"writes":1525}

SETUP OTAB AUTH ok
RESULT {"after": {"base": "f408a9dc9eb8a54e57a26d1ae3792059e1bfdad8e5991003dc0ba0d7b5c51de0", "resume": null, "resume_capable": true, "run": "app0", "slot": 1572864, "xforms": ["raw", "tamp", "delta"]}, "backend": "native-CoreBluetooth", "before": {"base": "868010a3e909cbf796bfc6cfc7ea5312514fe180bd2df0526f419449c39fbbbc", "run": "app1", "slot": 1572864}, "burst": 1, "bytes": 754624, "chunk": 495, "elapsed": 9.453006417, "flash": {"erase_bytes": "757760", "mode": "internal", "program_bytes": "754624"}, "image": "/tmp/node_X.bin", "image_kB_s": 79.82899478867455, "interval_request": 8, "kB_s": 79.82899478867455, "nosleep_requested": true, "payload_sha256": "902e774c2bd1811f2982ea318c38b64191d4b402a4d9a0c19c085e9604704d33", "purpose": "measure", "ready_callbacks": 1525, "real_write": true, "sent": 754624, "skip": {"erase_ms": "2134", "erases": "11", "kept": "0", "wrote": "185"}, "source_sha256": {"native_push_tuned.swift": "4e5c8bac3c4bfba1ed736b86ff82f7bb7e50872380aa1c1dac1f0240da9c9d91", "node/tools/bench_ble_ota.py": "78bf3268f84711cac6b882a925c451d3535967d44a1e8c2bb6b140f28c2c1d4a", "run_native_tuned.py": "05f6017bc7c9c2d644f02f89d38102fe0be01e0af9668f6de69108718d54b1a8"}, "stats": {"calls": "915", "erase_ms": "2134", "out": "754624", "write_ms": "2486"}, "stream_write_max": null, "timing": {"begin_ms": "220", "compare_us": "0", "program_ms": "2482"}, "transfer_hint": true, "verified": true, "wire": "raw", "wire_bytes": 754624, "writes": 1525}
