NATIVE DISCOVER rssi=-29
[0.000] OTAB AUTH ok
[0.000] BENCH interval requested; inspect link after settling
[0.000] BENCH LINK interval=8 mtu=517 phy_known=1 tx=2 rx=2 timeout=72 latency=0
[0.000] BENCH BUFFERS msys1=50 size=256 msys2=96 acl=96 ce=2
[0.000] OTAB INFO run=app1 slot=1572864
[0.000] OTAB BASE 9f8abf18b2ad59476c71f4c3ab757b6e9bc3fb8b7f5f5a95cb64263f015ba587
[0.000] OTAB RESUME none
[0.000] OTAB XFORM raw,tamp,delta
[0.400] OTAB RING 262144
[0.400] OTAB READY part=app0 size=754624 xform=raw out=754624
[8.431] OTAB STAT write_ms=2490 calls=1574 erase_ms=2147 out=754624
[8.620] OTAB SKIP kept=0 wrote=185 erases=11 erase_ms=2147
[8.620] OTAB FLASH mode=internal program_bytes=754624 erase_bytes=757760
[8.620] OTAB TIME begin_ms=213 program_ms=2487 compare_us=0
[8.620] OTAB OK rebooting
[8.620] BENCH REBOOT graceful=1
NATIVE_RESULT {"backend":"native-CoreBluetooth","before":{"base":"9f8abf18b2ad59476c71f4c3ab757b6e9bc3fb8b7f5f5a95cb64263f015ba587","run":"app1","slot":1572864},"burst":1,"bytes":754624,"chunk":244,"elapsed":8.6624707080000007,"interval_request":8,"latency_critical_requested":true,"lines":[[0,"OTAB AUTH ok"],[0,"BENCH interval requested; inspect link after settling"],[0,"BENCH LINK interval=8 mtu=517 phy_known=1 tx=2 rx=2 timeout=72 latency=0"],[0,"BENCH BUFFERS msys1=50 size=256 msys2=96 acl=96 ce=2"],[0,"OTAB INFO run=app1 slot=1572864"],[0,"OTAB BASE 9f8abf18b2ad59476c71f4c3ab757b6e9bc3fb8b7f5f5a95cb64263f015ba587"],[0,"OTAB RESUME none"],[0,"OTAB XFORM raw,tamp,delta"],[0.39960429200000003,"OTAB RING 262144"],[0.39969133299999998,"OTAB READY part=app0 size=754624 xform=raw out=754624"],[0.39971479199999999,"OTAB CRED 262144"],[0.78151087500000005,"OTAB CRED 280200"],[0.99115204199999996,"OTAB CRED 297036"],[1.2214973330000001,"OTAB CRED 317532"],[1.4714297919999999,"OTAB PROG 80764\/754624"],[1.4714499999999999,"OTAB CRED 342908"],[1.7211565,"OTAB CRED 367064"],[1.9957829579999999,"OTAB CRED 395124"],[2.251488792,"OTAB PROG 159332\/754624"],[2.2515075420000001,"OTAB CRED 421476"],[2.5699945,"OTAB CRED 449292"],[3.1112383750000001,"OTAB CRED 469788"],[3.350214292,"OTAB PROG 271084\/754624"],[3.3502249580000001,"OTAB CRED 533228"],[3.5210881669999998,"OTAB CRED 550796"],[3.7016903330000002,"OTAB CRED 567388"],[3.8514387499999998,"OTAB CRED 583980"],[4.0214975830000004,"OTAB PROG 337452\/754624"],[4.0414396249999998,"OTAB CRED 600572"],[4.191776333,"OTAB CRED 617164"],[4.3714551669999997,"OTAB CRED 633756"],[4.5320986669999996,"OTAB CRED 650348"],[4.6815470000000001,"OTAB PROG 403576\/754624"],[4.6911392080000001,"OTAB CRED 666940"],[4.8712310829999996,"OTAB CRED 683532"],[5.0110409999999996,"OTAB CRED 700124"],[5.1911802079999996,"OTAB CRED 716716"],[5.3111910419999999,"OTAB PROG 469212\/754624"],[5.3412311670000001,"OTAB CRED 734528"],[5.5414562920000003,"OTAB CRED 751120"],[5.5816068750000003,"OTAB CRED 754624"],[6.1017320420000001,"OTAB PROG 534848\/754624"],[6.7514240000000001,"OTAB PROG 600484\/754624"],[7.4518039580000002,"OTAB PROG 666120\/754624"],[8.1413576249999995,"OTAB PROG 731756\/754624"],[8.4307177499999995,"OTAB PROG 754624\/754624"],[8.4307723750000001,"OTAB STAT write_ms=2490 calls=1574 erase_ms=2147 out=754624"],[8.6200706250000003,"OTAB SKIP kept=0 wrote=185 erases=11 erase_ms=2147"],[8.6201271669999997,"OTAB FLASH mode=internal program_bytes=754624 erase_bytes=757760"],[8.6201393329999991,"OTAB TIME begin_ms=213 program_ms=2487 compare_us=0"],[8.6201486250000006,"OTAB OK rebooting"],[8.6201560419999996,"BENCH REBOOT graceful=1"]],"nosleep_requested":false,"payload_sha256":"902e774c2bd1811f2982ea318c38b64191d4b402a4d9a0c19c085e9604704d33","ready_callbacks":3093,"sent":754624,"thread_qos_is_userInteractive":false,"transfer_hint":true,"writes":3093}

VERIFY RETRY RuntimeError('bench device not found')
SETUP OTAB AUTH ok
RESULT {"after": {"base": "f408a9dc9eb8a54e57a26d1ae3792059e1bfdad8e5991003dc0ba0d7b5c51de0", "resume": null, "resume_capable": true, "run": "app0", "slot": 1572864, "xforms": ["raw", "tamp", "delta"]}, "backend": "native-CoreBluetooth", "before": {"base": "9f8abf18b2ad59476c71f4c3ab757b6e9bc3fb8b7f5f5a95cb64263f015ba587", "run": "app1", "slot": 1572864}, "burst": 1, "bytes": 754624, "chunk": 244, "elapsed": 8.662470708, "flash": {"erase_bytes": "757760", "mode": "internal", "program_bytes": "754624"}, "image": "/tmp/node_X.bin", "image_kB_s": 87.11417624801737, "interval_request": 8, "kB_s": 87.11417624801737, "latency_critical_requested": true, "nosleep_requested": false, "payload_sha256": "902e774c2bd1811f2982ea318c38b64191d4b402a4d9a0c19c085e9604704d33", "purpose": "measure", "ready_callbacks": 3093, "real_write": true, "sent": 754624, "skip": {"erase_ms": "2147", "erases": "11", "kept": "0", "wrote": "185"}, "source_sha256": {"native_push_priority.swift": "a6b94c2cfd649751c122fd8fe19dfcdbd971a14b6d502583a4842e5c5b5b7e27", "node/tools/bench_ble_ota.py": "78bf3268f84711cac6b882a925c451d3535967d44a1e8c2bb6b140f28c2c1d4a", "run_native_priority.py": "9c8b26cc1dcc8a82f9e14816dae626d8b2b48f0ef98c5340e3fe1364c774f3af"}, "stats": {"calls": "1574", "erase_ms": "2147", "out": "754624", "write_ms": "2490"}, "stream_write_max": null, "thread_qos_is_userInteractive": false, "timing": {"begin_ms": "213", "compare_us": "0", "program_ms": "2487"}, "transfer_hint": true, "verified": true, "wire": "raw", "wire_bytes": 754624, "writes": 3093}
