NATIVE DISCOVER rssi=-32
[0.000] OTAB AUTH ok
[0.000] BENCH interval requested; inspect link after settling
[0.000] BENCH LINK interval=8 mtu=517 phy_known=1 tx=2 rx=2 timeout=72 latency=0
[0.000] BENCH BUFFERS msys1=50 size=256 msys2=96 acl=96 ce=2
[0.000] OTAB INFO run=app1 slot=1572864
[0.000] OTAB BASE 9f8abf18b2ad59476c71f4c3ab757b6e9bc3fb8b7f5f5a95cb64263f015ba587
[0.000] OTAB RESUME none
[0.000] OTAB XFORM raw,tamp,delta
[0.402] OTAB RING 262144
[0.402] OTAB READY part=app0 size=754624 xform=raw out=754624
[8.294] OTAB STAT write_ms=2496 calls=1550 erase_ms=2138 out=754624
[8.483] OTAB SKIP kept=0 wrote=185 erases=11 erase_ms=2138
[8.483] OTAB FLASH mode=internal program_bytes=754624 erase_bytes=757760
[8.483] OTAB TIME begin_ms=219 program_ms=2494 compare_us=0
[8.483] OTAB OK rebooting
[8.483] BENCH REBOOT graceful=1
NATIVE_RESULT {"backend":"native-CoreBluetooth","before":{"base":"9f8abf18b2ad59476c71f4c3ab757b6e9bc3fb8b7f5f5a95cb64263f015ba587","run":"app1","slot":1572864},"burst":1,"bytes":754624,"chunk":244,"delegate_qos_is_userInteractive":true,"delegate_qos_rc":0,"elapsed":8.5352261249999994,"interval_request":8,"latency_critical_requested":true,"lines":[[0,"OTAB AUTH ok"],[0,"BENCH interval requested; inspect link after settling"],[0,"BENCH LINK interval=8 mtu=517 phy_known=1 tx=2 rx=2 timeout=72 latency=0"],[0,"BENCH BUFFERS msys1=50 size=256 msys2=96 acl=96 ce=2"],[0,"OTAB INFO run=app1 slot=1572864"],[0,"OTAB BASE 9f8abf18b2ad59476c71f4c3ab757b6e9bc3fb8b7f5f5a95cb64263f015ba587"],[0,"OTAB RESUME none"],[0,"OTAB XFORM raw,tamp,delta"],[0.402260375,"OTAB RING 262144"],[0.40237891599999998,"OTAB READY part=app0 size=754624 xform=raw out=754624"],[0.40241245799999997,"OTAB CRED 262144"],[0.64383104099999999,"OTAB CRED 284348"],[1.0237759580000001,"OTAB CRED 301184"],[1.243673416,"OTAB CRED 318996"],[1.493670166,"OTAB PROG 79788\/754624"],[1.4936897499999999,"OTAB CRED 341932"],[1.753827875,"OTAB CRED 369748"],[2.0137475409999999,"OTAB CRED 395612"],[2.1138647079999999,"OTAB PROG 158112\/754624"],[2.1138819579999999,"OTAB CRED 420256"],[2.5138466249999998,"OTAB CRED 442216"],[3.1240086250000001,"OTAB CRED 470276"],[3.3843925829999999,"OTAB PROG 280844\/754624"],[3.3844118750000001,"OTAB CRED 542988"],[3.5835003329999999,"OTAB CRED 559580"],[3.7835333750000002,"OTAB CRED 576172"],[3.923671041,"OTAB CRED 592764"],[4.1037313329999998,"OTAB PROG 346480\/754624"],[4.1134252079999998,"OTAB CRED 609356"],[4.2439474580000001,"OTAB CRED 625948"],[4.4438860829999998,"OTAB CRED 642540"],[4.6341373749999999,"OTAB CRED 659132"],[4.7637681250000004,"OTAB PROG 412116\/754624"],[4.774342291,"OTAB CRED 675724"],[4.9635087499999999,"OTAB CRED 694268"],[5.1134347499999997,"OTAB CRED 710860"],[5.2936024579999996,"OTAB CRED 727452"],[5.3941384159999997,"OTAB PROG 477752\/754624"],[5.4237005409999997,"OTAB CRED 744044"],[5.5636371660000004,"OTAB CRED 754624"],[6.1338431250000003,"OTAB PROG 543388\/754624"],[6.8039075410000001,"OTAB PROG 609024\/754624"],[7.4537630000000004,"OTAB PROG 674660\/754624"],[8.1137354160000008,"OTAB PROG 740296\/754624"],[8.2935018750000005,"OTAB PROG 754624\/754624"],[8.2937180829999999,"OTAB STAT write_ms=2496 calls=1550 erase_ms=2138 out=754624"],[8.4829289580000005,"OTAB SKIP kept=0 wrote=185 erases=11 erase_ms=2138"],[8.4830470830000007,"OTAB FLASH mode=internal program_bytes=754624 erase_bytes=757760"],[8.4831118330000006,"OTAB TIME begin_ms=219 program_ms=2494 compare_us=0"],[8.4831641250000001,"OTAB OK rebooting"],[8.4832090830000002,"BENCH REBOOT graceful=1"]],"nosleep_requested":false,"payload_sha256":"902e774c2bd1811f2982ea318c38b64191d4b402a4d9a0c19c085e9604704d33","ready_callbacks":3093,"sent":754624,"thread_qos_is_userInteractive":true,"transfer_hint":true,"writes":3093}

SETUP OTAB AUTH ok
RESULT {"after": {"base": "f408a9dc9eb8a54e57a26d1ae3792059e1bfdad8e5991003dc0ba0d7b5c51de0", "resume": null, "resume_capable": true, "run": "app0", "slot": 1572864, "xforms": ["raw", "tamp", "delta"]}, "backend": "native-CoreBluetooth", "before": {"base": "9f8abf18b2ad59476c71f4c3ab757b6e9bc3fb8b7f5f5a95cb64263f015ba587", "run": "app1", "slot": 1572864}, "burst": 1, "bytes": 754624, "chunk": 244, "delegate_qos_is_userInteractive": true, "delegate_qos_rc": 0, "elapsed": 8.535226125, "flash": {"erase_bytes": "757760", "mode": "internal", "program_bytes": "754624"}, "image": "/tmp/node_X.bin", "image_kB_s": 88.41288900239888, "interval_request": 8, "kB_s": 88.41288900239888, "latency_critical_requested": true, "nosleep_requested": false, "payload_sha256": "902e774c2bd1811f2982ea318c38b64191d4b402a4d9a0c19c085e9604704d33", "purpose": "measure", "ready_callbacks": 3093, "real_write": true, "sent": 754624, "skip": {"erase_ms": "2138", "erases": "11", "kept": "0", "wrote": "185"}, "source_sha256": {"native_push_priority_queue.swift": "2c8af266cb26aabd5a0ea2e734ade76d037f370f40bb77ea89853444bcc951c6", "node/tools/bench_ble_ota.py": "78bf3268f84711cac6b882a925c451d3535967d44a1e8c2bb6b140f28c2c1d4a", "run_native_priority_queue.py": "b4626911a0788c59349af10e1eb15aca1e90e6fd2398224971636b7d11519cc7"}, "stats": {"calls": "1550", "erase_ms": "2138", "out": "754624", "write_ms": "2496"}, "stream_write_max": null, "thread_qos_is_userInteractive": true, "timing": {"begin_ms": "219", "compare_us": "0", "program_ms": "2494"}, "transfer_hint": true, "verified": true, "wire": "raw", "wire_bytes": 754624, "writes": 3093}
