NATIVE DISCOVER rssi=-29
[0.000] OTAB AUTH ok
[0.000] BENCH interval requested; inspect link after settling
[0.000] BENCH LINK interval=8 mtu=517 phy_known=1 tx=2 rx=2 timeout=72 latency=0
[0.000] BENCH BUFFERS msys1=50 size=256 msys2=96 acl=96 ce=2
[0.000] OTAB INFO run=app1 slot=1572864
[0.000] OTAB BASE 9f8abf18b2ad59476c71f4c3ab757b6e9bc3fb8b7f5f5a95cb64263f015ba587
[0.000] OTAB RESUME none
[0.000] OTAB XFORM raw,tamp,delta
[0.410] OTAB RING 262144
[0.410] OTAB READY part=app0 size=754624 xform=raw out=754624
[8.451] OTAB STAT write_ms=2514 calls=1532 erase_ms=2156 out=754624
[8.641] OTAB SKIP kept=0 wrote=185 erases=11 erase_ms=2156
[8.641] OTAB FLASH mode=internal program_bytes=754624 erase_bytes=757760
[8.641] OTAB TIME begin_ms=228 program_ms=2511 compare_us=0
[8.641] OTAB OK rebooting
[8.641] BENCH REBOOT graceful=1
NATIVE_RESULT {"backend":"native-CoreBluetooth","before":{"base":"9f8abf18b2ad59476c71f4c3ab757b6e9bc3fb8b7f5f5a95cb64263f015ba587","run":"app1","slot":1572864},"burst":1,"bytes":754624,"chunk":244,"delegate_qos_is_userInteractive":true,"delegate_qos_rc":0,"elapsed":8.6941570840000004,"interval_request":8,"latency_critical_requested":true,"lines":[[0,"OTAB AUTH ok"],[0,"BENCH interval requested; inspect link after settling"],[0,"BENCH LINK interval=8 mtu=517 phy_known=1 tx=2 rx=2 timeout=72 latency=0"],[0,"BENCH BUFFERS msys1=50 size=256 msys2=96 acl=96 ce=2"],[0,"OTAB INFO run=app1 slot=1572864"],[0,"OTAB BASE 9f8abf18b2ad59476c71f4c3ab757b6e9bc3fb8b7f5f5a95cb64263f015ba587"],[0,"OTAB RESUME none"],[0,"OTAB XFORM raw,tamp,delta"],[0.40989304199999999,"OTAB RING 262144"],[0.41012079200000001,"OTAB READY part=app0 size=754624 xform=raw out=754624"],[0.41019591700000002,"OTAB CRED 262144"],[0.83132170900000002,"OTAB CRED 287520"],[1.051350625,"OTAB CRED 305332"],[1.271908042,"OTAB CRED 323388"],[1.5116406250000001,"OTAB PROG 80520\/754624"],[1.511709167,"OTAB CRED 342664"],[1.751735292,"OTAB CRED 368040"],[2.0415090419999999,"OTAB CRED 397808"],[2.2915020840000002,"OTAB PROG 158600\/754624"],[2.2915208749999998,"OTAB CRED 420744"],[2.561932584,"OTAB CRED 448560"],[3.1615890000000002,"OTAB CRED 473448"],[3.411615667,"OTAB PROG 282064\/754624"],[3.411633417,"OTAB CRED 544208"],[3.5814898749999999,"OTAB CRED 560800"],[3.8116667500000001,"OTAB CRED 577392"],[3.9619551249999998,"OTAB CRED 594960"],[4.1217887500000003,"OTAB PROG 347700\/754624"],[4.1420899589999998,"OTAB CRED 611552"],[4.3216422919999999,"OTAB CRED 628876"],[4.4730702500000001,"OTAB CRED 645468"],[4.6815796670000003,"OTAB CRED 662060"],[4.8020203749999997,"OTAB PROG 413336\/754624"],[4.8315214170000003,"OTAB CRED 678652"],[5.0115280000000002,"OTAB CRED 695244"],[5.1517242090000002,"OTAB CRED 711836"],[5.331483875,"OTAB CRED 728428"],[5.4314855,"OTAB PROG 478972\/754624"],[5.5021316249999996,"OTAB CRED 745020"],[5.5914075419999998,"OTAB CRED 754624"],[6.2115451669999997,"OTAB PROG 544608\/754624"],[6.8716470840000001,"OTAB PROG 610244\/754624"],[7.6230054999999997,"OTAB PROG 677832\/754624"],[8.3215385840000007,"OTAB PROG 743468\/754624"],[8.4512994589999995,"OTAB PROG 754624\/754624"],[8.4514070839999995,"OTAB STAT write_ms=2514 calls=1532 erase_ms=2156 out=754624"],[8.6405690419999992,"OTAB SKIP kept=0 wrote=185 erases=11 erase_ms=2156"],[8.6407416250000004,"OTAB FLASH mode=internal program_bytes=754624 erase_bytes=757760"],[8.6408179169999997,"OTAB TIME begin_ms=228 program_ms=2511 compare_us=0"],[8.640867042,"OTAB OK rebooting"],[8.6409053339999993,"BENCH REBOOT graceful=1"]],"nosleep_requested":false,"payload_sha256":"902e774c2bd1811f2982ea318c38b64191d4b402a4d9a0c19c085e9604704d33","ready_callbacks":3093,"sent":754624,"thread_qos_is_userInteractive":true,"transfer_hint":true,"writes":3093}

SETUP OTAB AUTH ok
RESULT {"after": {"base": "f408a9dc9eb8a54e57a26d1ae3792059e1bfdad8e5991003dc0ba0d7b5c51de0", "resume": null, "resume_capable": true, "run": "app0", "slot": 1572864, "xforms": ["raw", "tamp", "delta"]}, "backend": "native-CoreBluetooth", "before": {"base": "9f8abf18b2ad59476c71f4c3ab757b6e9bc3fb8b7f5f5a95cb64263f015ba587", "run": "app1", "slot": 1572864}, "burst": 1, "bytes": 754624, "chunk": 244, "delegate_qos_is_userInteractive": true, "delegate_qos_rc": 0, "elapsed": 8.694157084, "flash": {"erase_bytes": "757760", "mode": "internal", "program_bytes": "754624"}, "image": "/tmp/node_X.bin", "image_kB_s": 86.79668341727422, "interval_request": 8, "kB_s": 86.79668341727422, "latency_critical_requested": true, "nosleep_requested": false, "payload_sha256": "902e774c2bd1811f2982ea318c38b64191d4b402a4d9a0c19c085e9604704d33", "purpose": "measure", "ready_callbacks": 3093, "real_write": true, "sent": 754624, "skip": {"erase_ms": "2156", "erases": "11", "kept": "0", "wrote": "185"}, "source_sha256": {"native_push_priority_queue.swift": "2c8af266cb26aabd5a0ea2e734ade76d037f370f40bb77ea89853444bcc951c6", "node/tools/bench_ble_ota.py": "78bf3268f84711cac6b882a925c451d3535967d44a1e8c2bb6b140f28c2c1d4a", "run_native_priority_queue.py": "b4626911a0788c59349af10e1eb15aca1e90e6fd2398224971636b7d11519cc7"}, "stats": {"calls": "1532", "erase_ms": "2156", "out": "754624", "write_ms": "2514"}, "stream_write_max": null, "thread_qos_is_userInteractive": true, "timing": {"begin_ms": "228", "compare_us": "0", "program_ms": "2511"}, "transfer_hint": true, "verified": true, "wire": "raw", "wire_bytes": 754624, "writes": 3093}
