NATIVE DISCOVER rssi=-30
[0.000] OTAB AUTH ok
[0.000] BENCH interval requested; inspect link after settling
[0.000] BENCH LINK interval=8 mtu=517 phy_known=1 tx=2 rx=2 timeout=72 latency=0
[0.000] BENCH BUFFERS msys1=50 size=256 msys2=96 acl=96 ce=2
[0.000] OTAB INFO run=app1 slot=1572864
[0.000] OTAB BASE 9f8abf18b2ad59476c71f4c3ab757b6e9bc3fb8b7f5f5a95cb64263f015ba587
[0.000] OTAB RESUME none
[0.000] OTAB XFORM raw,tamp,delta
[0.413] OTAB RING 262144
[0.413] OTAB READY part=app0 size=754624 xform=raw out=754624
[8.304] OTAB STAT write_ms=2555 calls=893 erase_ms=2159 out=754624
[8.494] OTAB SKIP kept=0 wrote=185 erases=11 erase_ms=2159
[8.494] OTAB FLASH mode=internal program_bytes=754624 erase_bytes=757760
[8.494] OTAB TIME begin_ms=227 program_ms=2552 compare_us=0
[8.494] OTAB OK rebooting
[8.494] BENCH REBOOT graceful=1
NATIVE_RESULT {"backend":"native-CoreBluetooth","before":{"base":"9f8abf18b2ad59476c71f4c3ab757b6e9bc3fb8b7f5f5a95cb64263f015ba587","run":"app1","slot":1572864},"burst":1,"bytes":754624,"chunk":495,"elapsed":8.5576712910000001,"interval_request":8,"latency_critical_requested":true,"lines":[[0,"OTAB AUTH ok"],[0,"BENCH interval requested; inspect link after settling"],[0,"BENCH LINK interval=8 mtu=517 phy_known=1 tx=2 rx=2 timeout=72 latency=0"],[0,"BENCH BUFFERS msys1=50 size=256 msys2=96 acl=96 ce=2"],[0,"OTAB INFO run=app1 slot=1572864"],[0,"OTAB BASE 9f8abf18b2ad59476c71f4c3ab757b6e9bc3fb8b7f5f5a95cb64263f015ba587"],[0,"OTAB RESUME none"],[0,"OTAB XFORM raw,tamp,delta"],[0.41315054099999998,"OTAB RING 262144"],[0.41337620800000002,"OTAB READY part=app0 size=754624 xform=raw out=754624"],[0.41346520799999997,"OTAB CRED 262144"],[0.82516487500000002,"OTAB CRED 287884"],[1.0845078749999999,"OTAB CRED 313624"],[1.3350241249999999,"OTAB PROG 77220\/754624"],[1.3350461659999999,"OTAB CRED 339364"],[1.575203583,"OTAB CRED 359164"],[1.804444666,"OTAB CRED 378964"],[2.0446099160000002,"OTAB CRED 399259"],[2.325279541,"OTAB PROG 167310\/754624"],[2.3253239579999998,"OTAB CRED 429454"],[2.5944039160000001,"OTAB CRED 457669"],[3.20476575,"OTAB CRED 481429"],[3.5045479159999999,"OTAB PROG 301455\/754624"],[3.5045677080000002,"OTAB CRED 563599"],[3.645008458,"OTAB CRED 580429"],[3.834532958,"OTAB CRED 597259"],[4.0446139160000003,"OTAB CRED 614089"],[4.2148346659999998,"OTAB PROG 367290\/754624"],[4.234678916,"OTAB CRED 631909"],[4.4446052500000004,"OTAB CRED 648739"],[4.6245785000000001,"OTAB CRED 665569"],[4.7747795829999999,"OTAB CRED 682399"],[4.9145135,"OTAB PROG 433125\/754624"],[4.9445077499999996,"OTAB CRED 699229"],[5.104497458,"OTAB CRED 716059"],[5.3042948330000002,"OTAB CRED 732889"],[5.4550676249999999,"OTAB CRED 750709"],[5.5245121660000001,"OTAB CRED 754624"],[5.5747470410000002,"OTAB PROG 498960\/754624"],[6.2045088330000002,"OTAB PROG 564795\/754624"],[7.0448070830000002,"OTAB PROG 630630\/754624"],[7.7045844160000003,"OTAB PROG 697950\/754624"],[8.3041899160000003,"OTAB PROG 754624\/754624"],[8.304250541,"OTAB STAT write_ms=2555 calls=893 erase_ms=2159 out=754624"],[8.4936402910000002,"OTAB SKIP kept=0 wrote=185 erases=11 erase_ms=2159"],[8.4939462910000003,"OTAB FLASH mode=internal program_bytes=754624 erase_bytes=757760"],[8.4939905830000004,"OTAB TIME begin_ms=227 program_ms=2552 compare_us=0"],[8.4940138750000003,"OTAB OK rebooting"],[8.4940372909999997,"BENCH REBOOT graceful=1"]],"nosleep_requested":false,"payload_sha256":"902e774c2bd1811f2982ea318c38b64191d4b402a4d9a0c19c085e9604704d33","ready_callbacks":1525,"sent":754624,"thread_qos_is_userInteractive":false,"transfer_hint":true,"writes":1525}

SETUP OTAB AUTH ok
RESULT {"after": {"base": "f408a9dc9eb8a54e57a26d1ae3792059e1bfdad8e5991003dc0ba0d7b5c51de0", "resume": null, "resume_capable": true, "run": "app0", "slot": 1572864, "xforms": ["raw", "tamp", "delta"]}, "backend": "native-CoreBluetooth", "before": {"base": "9f8abf18b2ad59476c71f4c3ab757b6e9bc3fb8b7f5f5a95cb64263f015ba587", "run": "app1", "slot": 1572864}, "burst": 1, "bytes": 754624, "chunk": 495, "elapsed": 8.557671291, "flash": {"erase_bytes": "757760", "mode": "internal", "program_bytes": "754624"}, "image": "/tmp/node_X.bin", "image_kB_s": 88.18099858470013, "interval_request": 8, "kB_s": 88.18099858470013, "latency_critical_requested": true, "nosleep_requested": false, "payload_sha256": "902e774c2bd1811f2982ea318c38b64191d4b402a4d9a0c19c085e9604704d33", "purpose": "measure", "ready_callbacks": 1525, "real_write": true, "sent": 754624, "skip": {"erase_ms": "2159", "erases": "11", "kept": "0", "wrote": "185"}, "source_sha256": {"native_push_priority.swift": "a6b94c2cfd649751c122fd8fe19dfcdbd971a14b6d502583a4842e5c5b5b7e27", "node/tools/bench_ble_ota.py": "78bf3268f84711cac6b882a925c451d3535967d44a1e8c2bb6b140f28c2c1d4a", "run_native_priority.py": "9c8b26cc1dcc8a82f9e14816dae626d8b2b48f0ef98c5340e3fe1364c774f3af"}, "stats": {"calls": "893", "erase_ms": "2159", "out": "754624", "write_ms": "2555"}, "stream_write_max": null, "thread_qos_is_userInteractive": false, "timing": {"begin_ms": "227", "compare_us": "0", "program_ms": "2552"}, "transfer_hint": true, "verified": true, "wire": "raw", "wire_bytes": 754624, "writes": 1525}
