NATIVE DISCOVER rssi=-29
[0.000] OTAB AUTH ok
[0.000] BENCH interval requested; inspect link after settling
[0.000] BENCH LINK interval=8 mtu=517 phy_known=1 tx=2 rx=2 timeout=72 latency=0
[0.000] BENCH BUFFERS msys1=50 size=256 msys2=96 acl=96 ce=2
[0.000] OTAB INFO run=app1 slot=1572864
[0.000] OTAB BASE 9f8abf18b2ad59476c71f4c3ab757b6e9bc3fb8b7f5f5a95cb64263f015ba587
[0.000] OTAB RESUME none
[0.000] OTAB XFORM raw,tamp,delta
[0.403] OTAB RING 262144
[0.404] OTAB READY part=app0 size=754624 xform=raw out=754624
[8.314] OTAB STAT write_ms=2558 calls=895 erase_ms=2174 out=754624
[8.503] OTAB SKIP kept=0 wrote=185 erases=11 erase_ms=2174
[8.504] OTAB FLASH mode=internal program_bytes=754624 erase_bytes=757760
[8.504] OTAB TIME begin_ms=211 program_ms=2555 compare_us=0
[8.504] OTAB OK rebooting
[8.504] BENCH REBOOT graceful=1
NATIVE_RESULT {"backend":"native-CoreBluetooth","before":{"base":"9f8abf18b2ad59476c71f4c3ab757b6e9bc3fb8b7f5f5a95cb64263f015ba587","run":"app1","slot":1572864},"burst":1,"bytes":754624,"chunk":495,"delegate_qos_is_userInteractive":true,"delegate_qos_rc":0,"elapsed":8.5559265,"interval_request":8,"latency_critical_requested":true,"lines":[[0,"OTAB AUTH ok"],[0,"BENCH interval requested; inspect link after settling"],[0,"BENCH LINK interval=8 mtu=517 phy_known=1 tx=2 rx=2 timeout=72 latency=0"],[0,"BENCH BUFFERS msys1=50 size=256 msys2=96 acl=96 ce=2"],[0,"OTAB INFO run=app1 slot=1572864"],[0,"OTAB BASE 9f8abf18b2ad59476c71f4c3ab757b6e9bc3fb8b7f5f5a95cb64263f015ba587"],[0,"OTAB RESUME none"],[0,"OTAB XFORM raw,tamp,delta"],[0.40288200000000002,"OTAB RING 262144"],[0.40372350000000001,"OTAB READY part=app0 size=754624 xform=raw out=754624"],[0.403994083,"OTAB CRED 262144"],[0.80371662499999996,"OTAB CRED 284914"],[1.044122083,"OTAB CRED 305704"],[1.2938979580000001,"OTAB PROG 66825\/754624"],[1.293919292,"OTAB CRED 328969"],[1.5137548329999999,"OTAB CRED 347284"],[1.7642047919999999,"OTAB CRED 371044"],[2.0352780830000001,"OTAB PROG 134145\/754624"],[2.0353105829999998,"OTAB CRED 396289"],[2.3139113330000001,"OTAB CRED 424999"],[2.573722208,"OTAB CRED 450244"],[3.1840047079999998,"OTAB PROG 211860\/754624"],[3.1840231669999999,"OTAB CRED 474004"],[3.4839082920000002,"OTAB PROG 293040\/754624"],[3.4839220420000001,"OTAB CRED 555184"],[3.6138251669999999,"OTAB CRED 572014"],[3.8337150420000001,"OTAB CRED 588844"],[4.0145866669999997,"OTAB CRED 605674"],[4.2140628329999998,"OTAB PROG 358875\/754624"],[4.2239286250000001,"OTAB CRED 622504"],[4.4437556669999996,"OTAB CRED 640324"],[4.5938097500000001,"OTAB CRED 657154"],[4.7739528330000001,"OTAB CRED 673984"],[4.8840798330000004,"OTAB PROG 424710\/754624"],[4.9343106670000001,"OTAB CRED 690814"],[5.114306333,"OTAB CRED 707644"],[5.2939167080000002,"OTAB CRED 724474"],[5.4442739170000003,"OTAB CRED 741304"],[5.5737972500000001,"OTAB PROG 490545\/754624"],[5.5937607079999996,"OTAB CRED 754624"],[6.2239664169999998,"OTAB PROG 556380\/754624"],[6.9641301670000004,"OTAB PROG 622215\/754624"],[7.6640247920000002,"OTAB PROG 688050\/754624"],[8.3134895419999992,"OTAB PROG 754624\/754624"],[8.3135424580000006,"OTAB STAT write_ms=2558 calls=895 erase_ms=2174 out=754624"],[8.5030571669999997,"OTAB SKIP kept=0 wrote=185 erases=11 erase_ms=2174"],[8.5036772920000008,"OTAB FLASH mode=internal program_bytes=754624 erase_bytes=757760"],[8.5038161250000002,"OTAB TIME begin_ms=211 program_ms=2555 compare_us=0"],[8.5038467919999992,"OTAB OK rebooting"],[8.5038688750000002,"BENCH REBOOT graceful=1"]],"nosleep_requested":false,"payload_sha256":"902e774c2bd1811f2982ea318c38b64191d4b402a4d9a0c19c085e9604704d33","ready_callbacks":1525,"sent":754624,"thread_qos_is_userInteractive":true,"transfer_hint":true,"writes":1525}

SETUP OTAB AUTH ok
RESULT {"after": {"base": "f408a9dc9eb8a54e57a26d1ae3792059e1bfdad8e5991003dc0ba0d7b5c51de0", "resume": null, "resume_capable": true, "run": "app0", "slot": 1572864, "xforms": ["raw", "tamp", "delta"]}, "backend": "native-CoreBluetooth", "before": {"base": "9f8abf18b2ad59476c71f4c3ab757b6e9bc3fb8b7f5f5a95cb64263f015ba587", "run": "app1", "slot": 1572864}, "burst": 1, "bytes": 754624, "chunk": 495, "delegate_qos_is_userInteractive": true, "delegate_qos_rc": 0, "elapsed": 8.5559265, "flash": {"erase_bytes": "757760", "mode": "internal", "program_bytes": "754624"}, "image": "/tmp/node_X.bin", "image_kB_s": 88.1989811389801, "interval_request": 8, "kB_s": 88.1989811389801, "latency_critical_requested": true, "nosleep_requested": false, "payload_sha256": "902e774c2bd1811f2982ea318c38b64191d4b402a4d9a0c19c085e9604704d33", "purpose": "measure", "ready_callbacks": 1525, "real_write": true, "sent": 754624, "skip": {"erase_ms": "2174", "erases": "11", "kept": "0", "wrote": "185"}, "source_sha256": {"native_push_priority_queue.swift": "2c8af266cb26aabd5a0ea2e734ade76d037f370f40bb77ea89853444bcc951c6", "node/tools/bench_ble_ota.py": "78bf3268f84711cac6b882a925c451d3535967d44a1e8c2bb6b140f28c2c1d4a", "run_native_priority_queue.py": "b4626911a0788c59349af10e1eb15aca1e90e6fd2398224971636b7d11519cc7"}, "stats": {"calls": "895", "erase_ms": "2174", "out": "754624", "write_ms": "2558"}, "stream_write_max": null, "thread_qos_is_userInteractive": true, "timing": {"begin_ms": "211", "compare_us": "0", "program_ms": "2555"}, "transfer_hint": true, "verified": true, "wire": "raw", "wire_bytes": 754624, "writes": 1525}
