SETUP OTAB AUTH ok
SETUP BENCH interval requested; inspect link after settling
SETUP BENCH LINK interval=8 mtu=517 phy_known=1 tx=2 rx=2 timeout=72 latency=0
SETUP BENCH BUFFERS msys1=50 size=256 msys2=96 acl=96
SETUP BENCH DLE tx=251 tx_us=17040 rx=251 rx_us=2120
BENCH RAM ready
BENCH RAM FAIL incomplete or overflow
BENCH LINK interval=8 mtu=517 phy_known=1 tx=2 rx=2 timeout=72 latency=0
RESULT {"after": {"base": "211ea7abf09afb50c982f7caa027d8eaf55a037c562be385efe928cfacad99d3", "resume": null, "resume_capable": true, "run": "app0", "slot": 1572864, "xforms": ["raw", "tamp", "delta"]}, "before": {"base": "211ea7abf09afb50c982f7caa027d8eaf55a037c562be385efe928cfacad99d3", "resume": null, "resume_capable": true, "run": "app0", "slot": 1572864, "xforms": ["raw", "tamp", "delta"]}, "burst": 16, "bytes": 1048576, "chunk": 495, "fields": {}, "host_elapsed": 11.041361208073795, "host_kB_s": 94.96800079624674, "interval": 8, "label": "XipQuiet", "poll_s": null, "post_link": "BENCH LINK interval=8 mtu=517 phy_known=1 tx=2 rx=2 timeout=72 latency=0", "purpose": "ram-only", "ready_callbacks": null, "ready_event": false, "setup": ["OTAB AUTH ok", "BENCH interval requested; inspect link after settling", "BENCH LINK interval=8 mtu=517 phy_known=1 tx=2 rx=2 timeout=72 latency=0", "BENCH BUFFERS msys1=50 size=256 msys2=96 acl=96", "BENCH DLE tx=251 tx_us=17040 rx=251 rx_us=2120"], "verified": false}
Traceback (most recent call last):
  File "/Users/fab/o2p-push/ota-throughput-next/run_ram.py", line 87, in <module>
    asyncio.run(run(ap.parse_args()))
    ~~~~~~~~~~~^^^^^^^^^^^^^^^^^^^^^^
  File "/opt/homebrew/Cellar/python@3.14/3.14.7/Frameworks/Python.framework/Versions/3.14/lib/python3.14/asyncio/runners.py", line 205, in run
    return runner.run(main)
           ~~~~~~~~~~^^^^^^
  File "/opt/homebrew/Cellar/python@3.14/3.14.7/Frameworks/Python.framework/Versions/3.14/lib/python3.14/asyncio/runners.py", line 128, in run
    return self._loop.run_until_complete(task)
           ~~~~~~~~~~~~~~~~~~~~~~~~~~~~~^^^^^^
  File "/opt/homebrew/Cellar/python@3.14/3.14.7/Frameworks/Python.framework/Versions/3.14/lib/python3.14/asyncio/base_events.py", line 720, in run_until_complete
    return future.result()
           ~~~~~~~~~~~~~^^
  File "/Users/fab/o2p-push/ota-throughput-next/run_ram.py", line 77, in run
    assert verified,answer
           ^^^^^^^^
AssertionError: BENCH RAM FAIL incomplete or overflow
