NATIVE DISCOVER rssi=-30
[0.000] OTAB AUTH ok
[0.000] BENCH interval requested; inspect link after settling
[0.000] BENCH LINK interval=8 mtu=517 phy_known=1 tx=2 rx=2 timeout=72 latency=0
[0.000] BENCH BUFFERS msys1=50 size=256 msys2=96 acl=96 ce=2
[0.000] OTAB INFO run=app1 slot=1572864
[0.000] OTAB BASE 9f8abf18b2ad59476c71f4c3ab757b6e9bc3fb8b7f5f5a95cb64263f015ba587
[0.000] OTAB RESUME none
[0.000] OTAB XFORM raw,tamp,delta
[0.384] OTAB RING 262144
[0.385] OTAB READY part=app0 size=754624 xform=raw out=754624
[8.656] OTAB STAT write_ms=2490 calls=1600 erase_ms=2186 out=754624
[8.845] OTAB SKIP kept=0 wrote=185 erases=11 erase_ms=2186
[8.845] OTAB FLASH mode=internal program_bytes=754624 erase_bytes=757760
[8.846] OTAB TIME begin_ms=210 program_ms=2487 compare_us=0
[8.846] OTAB OK rebooting
[8.846] BENCH REBOOT graceful=1
NATIVE_RESULT {"backend":"native-CoreBluetooth","before":{"base":"9f8abf18b2ad59476c71f4c3ab757b6e9bc3fb8b7f5f5a95cb64263f015ba587","run":"app1","slot":1572864},"burst":1,"bytes":754624,"chunk":244,"elapsed":8.8982471249999993,"interval_request":8,"lines":[[0,"OTAB AUTH ok"],[0,"BENCH interval requested; inspect link after settling"],[0,"BENCH LINK interval=8 mtu=517 phy_known=1 tx=2 rx=2 timeout=72 latency=0"],[0,"BENCH BUFFERS msys1=50 size=256 msys2=96 acl=96 ce=2"],[0,"OTAB INFO run=app1 slot=1572864"],[0,"OTAB BASE 9f8abf18b2ad59476c71f4c3ab757b6e9bc3fb8b7f5f5a95cb64263f015ba587"],[0,"OTAB RESUME none"],[0,"OTAB XFORM raw,tamp,delta"],[0.38441883399999999,"OTAB RING 262144"],[0.38456866699999998,"OTAB READY part=app0 size=754624 xform=raw out=754624"],[0.384628625,"OTAB CRED 262144"],[1.0158091250000001,"OTAB CRED 300940"],[1.2666196670000001,"OTAB CRED 327048"],[1.465986375,"OTAB PROG 74908\/754624"],[1.7063142920000001,"OTAB CRED 360232"],[1.9358287089999999,"OTAB CRED 378288"],[2.166338042,"OTAB CRED 396344"],[2.2458451250000002,"OTAB PROG 154696\/754624"],[2.2458587919999999,"OTAB CRED 416840"],[3.0562345,"OTAB CRED 446120"],[3.3562695840000001,"OTAB PROG 266204\/754624"],[3.356285417,"OTAB CRED 528348"],[3.6261753749999999,"OTAB CRED 546404"],[3.846040334,"OTAB CRED 562996"],[4.0360217499999997,"OTAB CRED 579588"],[4.2069727920000002,"OTAB PROG 332816\/754624"],[4.2260129170000003,"OTAB CRED 596180"],[4.4561202089999998,"OTAB CRED 612772"],[4.6758848339999997,"OTAB CRED 629364"],[4.8164723340000002,"OTAB CRED 645956"],[4.9860296670000004,"OTAB PROG 398696\/754624"],[4.9962752500000001,"OTAB CRED 662548"],[5.1360064169999999,"OTAB CRED 679140"],[5.3260256249999998,"OTAB CRED 695732"],[5.5258246670000002,"OTAB CRED 712324"],[5.6560885839999999,"OTAB PROG 464332\/754624"],[5.6762527089999999,"OTAB CRED 728916"],[5.8666514169999999,"OTAB CRED 746240"],[5.945942917,"OTAB CRED 754624"],[6.3059412500000001,"OTAB PROG 530456\/754624"],[7.0558773339999998,"OTAB PROG 596092\/754624"],[7.7460651250000003,"OTAB PROG 661728\/754624"],[8.3862083340000009,"OTAB PROG 727364\/754624"],[8.6557871249999998,"OTAB PROG 754624\/754624"],[8.6559140840000008,"OTAB STAT write_ms=2490 calls=1600 erase_ms=2186 out=754624"],[8.8452223340000007,"OTAB SKIP kept=0 wrote=185 erases=11 erase_ms=2186"],[8.8454224999999997,"OTAB FLASH mode=internal program_bytes=754624 erase_bytes=757760"],[8.8455153749999997,"OTAB TIME begin_ms=210 program_ms=2487 compare_us=0"],[8.845599,"OTAB OK rebooting"],[8.8456685840000002,"BENCH REBOOT graceful=1"]],"nosleep_requested":false,"payload_sha256":"902e774c2bd1811f2982ea318c38b64191d4b402a4d9a0c19c085e9604704d33","ready_callbacks":3093,"sent":754624,"transfer_hint":true,"writes":3093}

SETUP OTAB AUTH ok
RESULT {"after": {"base": "f408a9dc9eb8a54e57a26d1ae3792059e1bfdad8e5991003dc0ba0d7b5c51de0", "resume": null, "resume_capable": true, "run": "app0", "slot": 1572864, "xforms": ["raw", "tamp", "delta"]}, "backend": "native-CoreBluetooth", "before": {"base": "9f8abf18b2ad59476c71f4c3ab757b6e9bc3fb8b7f5f5a95cb64263f015ba587", "run": "app1", "slot": 1572864}, "burst": 1, "bytes": 754624, "chunk": 244, "elapsed": 8.898247125, "flash": {"erase_bytes": "757760", "mode": "internal", "program_bytes": "754624"}, "image": "/tmp/node_X.bin", "image_kB_s": 84.80591619891655, "interval_request": 8, "kB_s": 84.80591619891655, "nosleep_requested": false, "payload_sha256": "902e774c2bd1811f2982ea318c38b64191d4b402a4d9a0c19c085e9604704d33", "purpose": "measure", "ready_callbacks": 3093, "real_write": true, "sent": 754624, "skip": {"erase_ms": "2186", "erases": "11", "kept": "0", "wrote": "185"}, "source_sha256": {"native_push_tuned.swift": "4e5c8bac3c4bfba1ed736b86ff82f7bb7e50872380aa1c1dac1f0240da9c9d91", "node/tools/bench_ble_ota.py": "78bf3268f84711cac6b882a925c451d3535967d44a1e8c2bb6b140f28c2c1d4a", "run_native_tuned.py": "05f6017bc7c9c2d644f02f89d38102fe0be01e0af9668f6de69108718d54b1a8"}, "stats": {"calls": "1600", "erase_ms": "2186", "out": "754624", "write_ms": "2490"}, "stream_write_max": null, "timing": {"begin_ms": "210", "compare_us": "0", "program_ms": "2487"}, "transfer_hint": true, "verified": true, "wire": "raw", "wire_bytes": 754624, "writes": 3093}
