NATIVE DISCOVER rssi=-30
[0.000] OTAB AUTH ok
[0.000] BENCH interval requested; inspect link after settling
[0.000] BENCH LINK interval=8 mtu=517 phy_known=1 tx=2 rx=2 timeout=72 latency=0
[0.000] BENCH BUFFERS msys1=50 size=256 msys2=96 acl=96 ce=2
[0.000] OTAB INFO run=app1 slot=1572864
[0.000] OTAB BASE 9f8abf18b2ad59476c71f4c3ab757b6e9bc3fb8b7f5f5a95cb64263f015ba587
[0.000] OTAB RESUME none
[0.000] OTAB XFORM raw,tamp,delta
[0.395] OTAB RING 262144
[0.395] OTAB READY part=app0 size=754624 xform=raw out=754624
[8.496] OTAB STAT write_ms=2485 calls=1572 erase_ms=2151 out=754624
[8.685] OTAB SKIP kept=0 wrote=185 erases=11 erase_ms=2151
[8.713] OTAB FLASH mode=internal program_bytes=754624 erase_bytes=757760
[8.713] OTAB TIME begin_ms=214 program_ms=2482 compare_us=0
[8.713] OTAB OK rebooting
[8.713] BENCH REBOOT graceful=1
NATIVE_RESULT {"backend":"native-CoreBluetooth","before":{"base":"9f8abf18b2ad59476c71f4c3ab757b6e9bc3fb8b7f5f5a95cb64263f015ba587","run":"app1","slot":1572864},"burst":1,"bytes":754624,"chunk":244,"elapsed":8.7440973339999992,"interval_request":8,"lines":[[0,"OTAB AUTH ok"],[0,"BENCH interval requested; inspect link after settling"],[0,"BENCH LINK interval=8 mtu=517 phy_known=1 tx=2 rx=2 timeout=72 latency=0"],[0,"BENCH BUFFERS msys1=50 size=256 msys2=96 acl=96 ce=2"],[0,"OTAB INFO run=app1 slot=1572864"],[0,"OTAB BASE 9f8abf18b2ad59476c71f4c3ab757b6e9bc3fb8b7f5f5a95cb64263f015ba587"],[0,"OTAB RESUME none"],[0,"OTAB XFORM raw,tamp,delta"],[0.39450320900000002,"OTAB RING 262144"],[0.39468941699999999,"OTAB READY part=app0 size=754624 xform=raw out=754624"],[0.39471974999999998,"OTAB CRED 262144"],[0.78650820899999996,"OTAB CRED 281664"],[1.0159224170000001,"OTAB CRED 305332"],[1.2661179170000001,"OTAB PROG 69540\/754624"],[1.2661512500000001,"OTAB CRED 331684"],[1.51595575,"OTAB CRED 354620"],[1.9663785,"OTAB CRED 389024"],[2.226166584,"OTAB PROG 150792\/754624"],[2.2261846670000001,"OTAB CRED 412936"],[2.5001184169999999,"OTAB CRED 440996"],[3.3162868749999999,"OTAB PROG 264252\/754624"],[3.3163073340000002,"OTAB CRED 526396"],[3.456018459,"OTAB CRED 542988"],[3.6660433750000001,"OTAB CRED 559580"],[3.8377889170000001,"OTAB CRED 576172"],[4.0164902920000003,"OTAB PROG 329888\/754624"],[4.0263053749999997,"OTAB CRED 592764"],[4.2462006670000001,"OTAB CRED 609356"],[4.446246125,"OTAB CRED 625948"],[4.5860456669999996,"OTAB CRED 642540"],[4.7560295840000002,"OTAB PROG 395524\/754624"],[4.776137834,"OTAB CRED 659132"],[4.9160176670000002,"OTAB CRED 675724"],[5.1060915839999996,"OTAB CRED 693780"],[5.2759113339999999,"OTAB CRED 710616"],[5.4359667089999997,"OTAB PROG 461160\/754624"],[5.4660635419999997,"OTAB CRED 727208"],[5.6560678339999999,"OTAB CRED 743800"],[5.7459806670000004,"OTAB CRED 754624"],[6.0760335840000002,"OTAB PROG 526796\/754624"],[6.786413542,"OTAB PROG 592432\/754624"],[7.5060871669999996,"OTAB PROG 658068\/754624"],[8.1858347089999999,"OTAB PROG 723704\/754624"],[8.4955940000000005,"OTAB PROG 754624\/754624"],[8.4956966250000008,"OTAB STAT write_ms=2485 calls=1572 erase_ms=2151 out=754624"],[8.6848467920000001,"OTAB SKIP kept=0 wrote=185 erases=11 erase_ms=2151"],[8.7131180839999995,"OTAB FLASH mode=internal program_bytes=754624 erase_bytes=757760"],[8.7133004169999992,"OTAB TIME begin_ms=214 program_ms=2482 compare_us=0"],[8.713384542,"OTAB OK rebooting"],[8.7134583750000001,"BENCH REBOOT graceful=1"]],"nosleep_requested":false,"payload_sha256":"902e774c2bd1811f2982ea318c38b64191d4b402a4d9a0c19c085e9604704d33","ready_callbacks":3093,"sent":754624,"transfer_hint":true,"writes":3093}

VERIFY RETRY RuntimeError('bench device not found')
SETUP OTAB AUTH ok
RESULT {"after": {"base": "f408a9dc9eb8a54e57a26d1ae3792059e1bfdad8e5991003dc0ba0d7b5c51de0", "resume": null, "resume_capable": true, "run": "app0", "slot": 1572864, "xforms": ["raw", "tamp", "delta"]}, "backend": "native-CoreBluetooth", "before": {"base": "9f8abf18b2ad59476c71f4c3ab757b6e9bc3fb8b7f5f5a95cb64263f015ba587", "run": "app1", "slot": 1572864}, "burst": 1, "bytes": 754624, "chunk": 244, "elapsed": 8.744097334, "flash": {"erase_bytes": "757760", "mode": "internal", "program_bytes": "754624"}, "image": "/tmp/node_X.bin", "image_kB_s": 86.30096065671266, "interval_request": 8, "kB_s": 86.30096065671266, "nosleep_requested": false, "payload_sha256": "902e774c2bd1811f2982ea318c38b64191d4b402a4d9a0c19c085e9604704d33", "purpose": "measure", "ready_callbacks": 3093, "real_write": true, "sent": 754624, "skip": {"erase_ms": "2151", "erases": "11", "kept": "0", "wrote": "185"}, "source_sha256": {"native_push_tuned.swift": "4e5c8bac3c4bfba1ed736b86ff82f7bb7e50872380aa1c1dac1f0240da9c9d91", "node/tools/bench_ble_ota.py": "78bf3268f84711cac6b882a925c451d3535967d44a1e8c2bb6b140f28c2c1d4a", "run_native_tuned.py": "05f6017bc7c9c2d644f02f89d38102fe0be01e0af9668f6de69108718d54b1a8"}, "stats": {"calls": "1572", "erase_ms": "2151", "out": "754624", "write_ms": "2485"}, "stream_write_max": null, "timing": {"begin_ms": "214", "compare_us": "0", "program_ms": "2482"}, "transfer_hint": true, "verified": true, "wire": "raw", "wire_bytes": 754624, "writes": 3093}
