DISCOVERY adapter=hci1 address=7C:4F:AD:20:2A:29 rssi=-31
SETUP BENCH HOST adapter_path=/org/bluez/hci1/dev_7C_4F_AD_20_2A_29
/home/fab/ota-throughput-20260911/venv/lib/python3.11/site-packages/bleak/backends/bluezdbus/client.py:646: UserWarning: Using default MTU value. Call _acquire_mtu() or set _mtu_size first to avoid this warning.
  warnings.warn(
SETUP OTAB AUTH ok
SETUP BENCH interval requested; inspect link after settling
SETUP BENCH LINK interval=6 mtu=517 phy_known=1 tx=1 rx=1 timeout=72 latency=0
SETUP BENCH DLE tx=251 tx_us=2120 rx=251 rx_us=2120
SETUP BENCH HOST AcquireWrite mtu=517 socket_type=5
BEFORE {"base": "211ea7abf09afb50c982f7caa027d8eaf55a037c562be385efe928cfacad99d3", "resume": null, "resume_capable": true, "run": "app0", "slot": 1572864, "xforms": ["raw", "tamp", "delta"]}
LINK mtu=517 max_write=514 chunk=400
[0.412] OTAB RING 262144
[0.412] OTAB READY part=app1 size=754624 xform=raw out=754624
[14.624] OTAB STAT write_ms=2329 calls=1656 erase_ms=2015 out=754624
[14.813] OTAB SKIP kept=0 wrote=185 erases=11 erase_ms=2015
[14.813] OTAB FLASH mode=internal program_bytes=754624 erase_bytes=757760
[14.813] OTAB TIME begin_ms=232 program_ms=2322 compare_us=0
[14.813] OTAB OK rebooting
DISCOVERY adapter=hci1 address=7C:4F:AD:20:2A:29 rssi=-31
SETUP BENCH HOST adapter_path=/org/bluez/hci1/dev_7C_4F_AD_20_2A_29
SETUP OTAB AUTH ok
SETUP OTAB AUTH ok
SETUP BENCH HOST AcquireWrite mtu=517 socket_type=5
SETUP OTAB INFO run=app1 slot=1572864
SETUP OTAB BASE f408a9dc9eb8a54e57a26d1ae3792059e1bfdad8e5991003dc0ba0d7b5c51de0
SETUP OTAB RESUME none
SETUP OTAB XFORM raw,tamp,delta
RESULT {"adapter": "hci1", "after": {"base": "f408a9dc9eb8a54e57a26d1ae3792059e1bfdad8e5991003dc0ba0d7b5c51de0", "resume": null, "resume_capable": true, "run": "app1", "slot": 1572864, "xforms": ["raw", "tamp", "delta"]}, "before": {"base": "211ea7abf09afb50c982f7caa027d8eaf55a037c562be385efe928cfacad99d3", "resume": null, "resume_capable": true, "run": "app0", "slot": 1572864, "xforms": ["raw", "tamp", "delta"]}, "burst": 1, "bytes": 754624, "chunk": 400, "elapsed": 15.621467003133148, "flash": {"erase_bytes": "757760", "mode": "internal", "program_bytes": "754624"}, "host": "rpi", "image": "node_X.bin", "image_kB_s": 48.30685875075929, "kB_s": 48.30685875075929, "name": "farmnode-202A29", "negotiated_setup": ["BENCH HOST adapter_path=/org/bluez/hci1/dev_7C_4F_AD_20_2A_29", "OTAB AUTH ok", "BENCH interval requested; inspect link after settling", "BENCH LINK interval=6 mtu=517 phy_known=1 tx=1 rx=1 timeout=72 latency=0", "BENCH DLE tx=251 tx_us=2120 rx=251 rx_us=2120", "BENCH HOST AcquireWrite mtu=517 socket_type=5"], "paced_writes": 0, "payload_build_s": 2.9811635613441467e-06, "poll_s": null, "purpose": "measure", "ready_callbacks": null, "ready_event": false, "real_write": true, "setup": ["interval 6", "link", "dleinfo"], "skip": {"erase_ms": "2015", "erases": "11", "kept": "0", "wrote": "185"}, "stats": {"calls": "1656", "erase_ms": "2015", "out": "754624", "write_ms": "2329"}, "timing": {"begin_ms": "232", "compare_us": "0", "program_ms": "2322"}, "transfer_hint": true, "verified": true, "wire": "raw", "wire_bytes": 754624, "write_fd": true}
