DISCOVERY adapter=hci0 address=7C:4F:AD:20:2A:29 rssi=-32
/home/fab/ota-throughput-20260911/venv/lib/python3.11/site-packages/bleak/backends/bluezdbus/client.py:646: UserWarning: Using default MTU value. Call _acquire_mtu() or set _mtu_size first to avoid this warning.
  warnings.warn(
SETUP OTAB AUTH ok
SETUP BENCH interval requested; inspect link after settling
SETUP BENCH LINK interval=100 mtu=517 phy_known=1 tx=2 rx=2 timeout=72 latency=0
SETUP BENCH BUFFERS msys1=50 size=256 msys2=96 acl=96
SETUP BENCH DLE tx=251 tx_us=2120 rx=251 rx_us=2120
SETUP BENCH HOST AcquireWrite mtu=517 socket_type=5
BENCH RAM ready
Traceback (most recent call last):
  File "/usr/lib/python3.11/asyncio/runners.py", line 118, in run
    return self._loop.run_until_complete(task)
           ^^^^^^^^^^^^^^^^^^^^^^^^^^^^^^^^^^^
  File "/usr/lib/python3.11/asyncio/base_events.py", line 653, in run_until_complete
    return future.result()
           ^^^^^^^^^^^^^^^
  File "/home/fab/ota-throughput-20260911/run_ram.py", line 64, in run
    fields,answer,elapsed=await trial(data)
                          ^^^^^^^^^^^^^^^^^
  File "/home/fab/ota-throughput-20260911/run_ram.py", line 39, in trial
    await link.write_cmd('ramend')
  File "/home/fab/ota-throughput-20260911/esp-ota-ble/host/esp_ota_ble.py", line 452, in write_cmd
    await self._cli.write_gatt_char(self.cmd_uuid, line, response=True)
  File "/home/fab/ota-throughput-20260911/venv/lib/python3.11/site-packages/bleak/__init__.py", line 835, in write_gatt_char
    await self._backend.write_gatt_char(characteristic, data, response)
  File "/home/fab/ota-throughput-20260911/venv/lib/python3.11/site-packages/bleak/backends/bluezdbus/client.py", line 813, in write_gatt_char
    reply = await self._bus.call(
            ^^^^^^^^^^^^^^^^^^^^^
  File "/home/fab/ota-throughput-20260911/venv/lib/python3.11/site-packages/dbus_fast/aio/message_bus.py", line 478, in call
    await future
asyncio.exceptions.CancelledError

During handling of the above exception, another exception occurred:

Traceback (most recent call last):
  File "/home/fab/ota-throughput-20260911/run_ram.py", line 91, in <module>
    asyncio.run(run(ap.parse_args()))
  File "/usr/lib/python3.11/asyncio/runners.py", line 190, in run
    return runner.run(main)
           ^^^^^^^^^^^^^^^^
  File "/usr/lib/python3.11/asyncio/runners.py", line 123, in run
    raise KeyboardInterrupt()
KeyboardInterrupt
