tamp: /Users/fab/dev/pv/fugu-mppt-firmware/components/tamp/tamp/_c_src
--- erase strategy: sequential writes
ota_ble host tests
all checks passed
--- erase strategy: erase-ahead
ota_ble host tests
all checks passed
--- erase strategy: skip identical sectors
ota_ble host tests
all checks passed
.....
----------------------------------------------------------------------
Ran 5 tests in 0.000s

OK
--- test/test_find_device.py
Ran 6 tests in 4.120s

OK
--- test/test_resume_host.py
Ran 18 tests in 0.003s

OK
--- test/test_host_helpers.py
Ran 19 tests in 0.001s

OK
