Traceback (most recent call last):
  File "/home/fab/ota-tools-integration/check_transport_bench.py", line 105, in <module>
    asyncio.run(main(ap.parse_args()))
  File "/usr/lib/python3.11/asyncio/runners.py", line 190, in run
    return runner.run(main)
           ^^^^^^^^^^^^^^^^
  File "/usr/lib/python3.11/asyncio/runners.py", line 118, in run
    return self._loop.run_until_complete(task)
           ^^^^^^^^^^^^^^^^^^^^^^^^^^^^^^^^^^^
  File "/usr/lib/python3.11/asyncio/base_events.py", line 653, in run_until_complete
    return future.result()
           ^^^^^^^^^^^^^^^
  File "/home/fab/ota-tools-integration/check_transport_bench.py", line 40, in main
    link = await connect(a)
           ^^^^^^^^^^^^^^^^
  File "/home/fab/ota-tools-integration/check_transport_bench.py", line 22, in connect
    dev = await link.find_device(name_prefix='farmnode-202A29', timeout=20)
          ^^^^^^^^^^^^^^^^^^^^^^^^^^^^^^^^^^^^^^^^^^^^^^^^^^^^^^^^^^^^^^^^^
  File "/home/fab/ota-tools-integration/esp-ota-ble/host/esp_ota_ble_transport.py", line 108, in find_device
    return await self.scan(O.find_device, **kwargs)
           ^^^^^^^^^^^^^^^^^^^^^^^^^^^^^^^^^^^^^^^^
  File "/home/fab/ota-tools-integration/esp-ota-ble/host/esp_ota_ble_transport.py", line 93, in scan
    await self._keeper.acquire()
  File "/home/fab/ota-throughput-20260911/bumble_bleak/_backend.py", line 205, in acquire
    self._transport = await open_transport(spec)
                      ^^^^^^^^^^^^^^^^^^^^^^^^^^
  File "/home/fab/ota-throughput-20260911/venv/lib/python3.11/site-packages/bumble/transport/__init__.py", line 100, in open_transport
    transport = await _open_transport(scheme, spec)
                ^^^^^^^^^^^^^^^^^^^^^^^^^^^^^^^^^^^
  File "/home/fab/ota-throughput-20260911/venv/lib/python3.11/site-packages/bumble/transport/__init__.py", line 166, in _open_transport
    return await open_hci_socket_transport(spec)
           ^^^^^^^^^^^^^^^^^^^^^^^^^^^^^^^^^^^^^
  File "/home/fab/ota-throughput-20260911/venv/lib/python3.11/site-packages/bumble/transport/hci_socket.py", line 89, in open_hci_socket_transport
    raise OSError(ctypes.get_errno(), os.strerror(ctypes.get_errno()))
PermissionError: [Errno 1] Operation not permitted
