NATIVE DISCOVER rssi=-32
[0.000] OTAB AUTH ok
[0.000] BENCH interval requested; inspect link after settling
[0.000] BENCH LINK interval=12 mtu=517 phy_known=1 tx=2 rx=2 timeout=72 latency=0
[0.000] BENCH BUFFERS msys1=50 size=256 msys2=96 acl=96 ce=2
[0.000] OTAB INFO run=app1 slot=1572864
[0.000] OTAB BASE 9f8abf18b2ad59476c71f4c3ab757b6e9bc3fb8b7f5f5a95cb64263f015ba587
[0.000] OTAB RESUME none
[0.000] OTAB XFORM raw,tamp,delta
[0.400] OTAB RING 262144
[0.401] OTAB READY part=app0 size=754624 xform=raw out=754624
[12.056] OTAB STAT write_ms=2379 calls=2237 erase_ms=2131 out=754624
[12.251] OTAB SKIP kept=0 wrote=185 erases=11 erase_ms=2131
[12.251] OTAB FLASH mode=internal program_bytes=754624 erase_bytes=757760
[12.251] OTAB TIME begin_ms=221 program_ms=2375 compare_us=0
[12.251] OTAB OK rebooting
[12.251] BENCH REBOOT graceful=1
NATIVE_RESULT {"backend":"native-CoreBluetooth","before":{"base":"9f8abf18b2ad59476c71f4c3ab757b6e9bc3fb8b7f5f5a95cb64263f015ba587","run":"app1","slot":1572864},"burst":1,"bytes":754624,"chunk":244,"delegate_qos_is_userInteractive":true,"delegate_qos_rc":0,"elapsed":12.322413958,"interval_request":12,"latency_critical_requested":true,"lines":[[0,"OTAB AUTH ok"],[0,"BENCH interval requested; inspect link after settling"],[0,"BENCH LINK interval=12 mtu=517 phy_known=1 tx=2 rx=2 timeout=72 latency=0"],[0,"BENCH BUFFERS msys1=50 size=256 msys2=96 acl=96 ce=2"],[0,"OTAB INFO run=app1 slot=1572864"],[0,"OTAB BASE 9f8abf18b2ad59476c71f4c3ab757b6e9bc3fb8b7f5f5a95cb64263f015ba587"],[0,"OTAB RESUME none"],[0,"OTAB XFORM raw,tamp,delta"],[0.40018204099999999,"OTAB RING 262144"],[0.40059508300000002,"OTAB READY part=app0 size=754624 xform=raw out=754624"],[0.40065758299999998,"OTAB CRED 262144"],[0.986753875,"OTAB CRED 288252"],[1.392106083,"OTAB CRED 314116"],[1.6169547500000001,"OTAB PROG 67100\/754624"],[1.8265754999999999,"OTAB CRED 341200"],[2.2318648749999999,"OTAB CRED 367552"],[2.7867013749999998,"OTAB CRED 384632"],[2.9358356250000002,"OTAB PROG 162504\/754624"],[2.9358577079999999,"OTAB CRED 424648"],[3.1769387079999998,"OTAB CRED 441240"],[3.4318260409999999,"OTAB CRED 457832"],[3.7018234579999998,"OTAB CRED 474424"],[3.9268103750000001,"OTAB PROG 228140\/754624"],[3.9417317500000002,"OTAB CRED 491016"],[4.2265864999999998,"OTAB CRED 507608"],[4.4966660410000001,"OTAB CRED 524200"],[4.7070534579999999,"OTAB CRED 541280"],[4.9466623329999999,"OTAB PROG 293776\/754624"],[4.9768354160000001,"OTAB CRED 558116"],[5.2321380409999998,"OTAB CRED 574708"],[5.5313135000000004,"OTAB CRED 591300"],[5.8018384999999997,"OTAB CRED 607892"],[5.9966130829999997,"OTAB PROG 359412\/754624"],[6.0420262080000002,"OTAB CRED 624484"],[6.296636458,"OTAB CRED 641076"],[6.5518873329999998,"OTAB CRED 657668"],[6.8518352079999998,"OTAB CRED 674260"],[7.0166504160000001,"OTAB PROG 425048\/754624"],[7.0618900829999998,"OTAB CRED 690852"],[7.3016648750000002,"OTAB CRED 707444"],[7.5565822909999998,"OTAB CRED 724036"],[7.796975583,"OTAB CRED 740628"],[7.976883666,"OTAB PROG 490684\/754624"],[8.0366014159999999,"OTAB CRED 754624"],[8.9668868330000002,"OTAB PROG 556320\/754624"],[9.9719742080000007,"OTAB PROG 621956\/754624"],[10.962123416000001,"OTAB PROG 687592\/754624"],[12.026865000000001,"OTAB PROG 753228\/754624"],[12.056385041,"OTAB PROG 754624\/754624"],[12.0564485,"OTAB STAT write_ms=2379 calls=2237 erase_ms=2131 out=754624"],[12.250986083000001,"OTAB SKIP kept=0 wrote=185 erases=11 erase_ms=2131"],[12.251198875,"OTAB FLASH mode=internal program_bytes=754624 erase_bytes=757760"],[12.251233916,"OTAB TIME begin_ms=221 program_ms=2375 compare_us=0"],[12.251257708000001,"OTAB OK rebooting"],[12.251277625,"BENCH REBOOT graceful=1"]],"nosleep_requested":false,"payload_sha256":"902e774c2bd1811f2982ea318c38b64191d4b402a4d9a0c19c085e9604704d33","ready_callbacks":3093,"sent":754624,"thread_qos_is_userInteractive":true,"transfer_hint":true,"writes":3093}

SETUP OTAB AUTH ok
RESULT {"after": {"base": "f408a9dc9eb8a54e57a26d1ae3792059e1bfdad8e5991003dc0ba0d7b5c51de0", "resume": null, "resume_capable": true, "run": "app0", "slot": 1572864, "xforms": ["raw", "tamp", "delta"]}, "backend": "native-CoreBluetooth", "before": {"base": "9f8abf18b2ad59476c71f4c3ab757b6e9bc3fb8b7f5f5a95cb64263f015ba587", "run": "app1", "slot": 1572864}, "burst": 1, "bytes": 754624, "chunk": 244, "delegate_qos_is_userInteractive": true, "delegate_qos_rc": 0, "elapsed": 12.322413958, "flash": {"erase_bytes": "757760", "mode": "internal", "program_bytes": "754624"}, "image": "/tmp/node_X.bin", "image_kB_s": 61.23994880971195, "interval_request": 12, "kB_s": 61.23994880971195, "latency_critical_requested": true, "nosleep_requested": false, "payload_sha256": "902e774c2bd1811f2982ea318c38b64191d4b402a4d9a0c19c085e9604704d33", "purpose": "measure", "ready_callbacks": 3093, "real_write": true, "sent": 754624, "skip": {"erase_ms": "2131", "erases": "11", "kept": "0", "wrote": "185"}, "source_sha256": {"native_push_priority_queue.swift": "2c8af266cb26aabd5a0ea2e734ade76d037f370f40bb77ea89853444bcc951c6", "node/tools/bench_ble_ota.py": "78bf3268f84711cac6b882a925c451d3535967d44a1e8c2bb6b140f28c2c1d4a", "run_native_priority_queue.py": "b4626911a0788c59349af10e1eb15aca1e90e6fd2398224971636b7d11519cc7"}, "stats": {"calls": "2237", "erase_ms": "2131", "out": "754624", "write_ms": "2379"}, "stream_write_max": null, "thread_qos_is_userInteractive": true, "timing": {"begin_ms": "221", "compare_us": "0", "program_ms": "2375"}, "transfer_hint": true, "verified": true, "wire": "raw", "wire_bytes": 754624, "writes": 3093}
