NATIVE DISCOVER rssi=-32
[0.000] OTAB AUTH ok
[0.000] BENCH interval requested; inspect link after settling
[0.000] BENCH LINK interval=16 mtu=517 phy_known=1 tx=2 rx=2 timeout=72 latency=0
[0.000] BENCH BUFFERS msys1=50 size=256 msys2=96 acl=96 ce=2
[0.000] OTAB INFO run=app1 slot=1572864
[0.000] OTAB BASE 9f8abf18b2ad59476c71f4c3ab757b6e9bc3fb8b7f5f5a95cb64263f015ba587
[0.000] OTAB RESUME none
[0.000] OTAB XFORM raw,tamp,delta
[0.410] OTAB RING 262144
[0.411] OTAB READY part=app0 size=754624 xform=raw out=754624
[15.031] OTAB STAT write_ms=2327 calls=1321 erase_ms=2137 out=754624
[15.232] OTAB SKIP kept=0 wrote=185 erases=11 erase_ms=2137
[15.232] OTAB FLASH mode=internal program_bytes=754624 erase_bytes=757760
[15.232] OTAB TIME begin_ms=214 program_ms=2324 compare_us=0
[15.232] OTAB OK rebooting
[15.232] BENCH REBOOT graceful=1
NATIVE_RESULT {"backend":"native-CoreBluetooth","before":{"base":"9f8abf18b2ad59476c71f4c3ab757b6e9bc3fb8b7f5f5a95cb64263f015ba587","run":"app1","slot":1572864},"burst":1,"bytes":754624,"chunk":495,"delegate_qos_is_userInteractive":true,"delegate_qos_rc":0,"elapsed":15.298219958000001,"interval_request":16,"latency_critical_requested":true,"lines":[[0,"OTAB AUTH ok"],[0,"BENCH interval requested; inspect link after settling"],[0,"BENCH LINK interval=16 mtu=517 phy_known=1 tx=2 rx=2 timeout=72 latency=0"],[0,"BENCH BUFFERS msys1=50 size=256 msys2=96 acl=96 ce=2"],[0,"OTAB INFO run=app1 slot=1572864"],[0,"OTAB BASE 9f8abf18b2ad59476c71f4c3ab757b6e9bc3fb8b7f5f5a95cb64263f015ba587"],[0,"OTAB RESUME none"],[0,"OTAB XFORM raw,tamp,delta"],[0.41048695800000001,"OTAB RING 262144"],[0.41068987499999998,"OTAB READY part=app0 size=754624 xform=raw out=754624"],[0.41075204100000001,"OTAB CRED 262144"],[0.93211487500000001,"OTAB CRED 280954"],[1.3317885410000001,"OTAB CRED 301249"],[1.731973583,"OTAB CRED 318079"],[1.9320193329999999,"OTAB PROG 68805\/754624"],[2.1310272499999998,"OTAB CRED 339364"],[2.7717634580000001,"OTAB CRED 378964"],[3.171981583,"OTAB CRED 395794"],[3.1920309160000002,"OTAB PROG 134640\/754624"],[3.5309715000000002,"OTAB CRED 412624"],[3.8721632499999998,"OTAB CRED 429454"],[4.2121007910000001,"OTAB CRED 446284"],[4.5122181660000003,"OTAB PROG 200475\/754624"],[4.532448875,"OTAB CRED 464104"],[4.8518607500000002,"OTAB CRED 480934"],[5.1719390829999998,"OTAB CRED 497764"],[5.4938564579999998,"OTAB CRED 514594"],[5.75202525,"OTAB PROG 266805\/754624"],[5.7919868750000001,"OTAB CRED 531424"],[6.1118435829999997,"OTAB CRED 548254"],[6.4718346249999996,"OTAB CRED 565084"],[6.7921393749999996,"OTAB CRED 582904"],[7.0318889159999998,"OTAB PROG 332640\/754624"],[7.1122218750000004,"OTAB CRED 599734"],[7.4121827910000002,"OTAB CRED 616564"],[7.7506739580000001,"OTAB CRED 633394"],[8.0921346659999998,"OTAB CRED 650224"],[8.2719315000000009,"OTAB PROG 398475\/754624"],[8.4118397500000004,"OTAB CRED 667054"],[8.7318967910000005,"OTAB CRED 683884"],[9.0523283330000002,"OTAB CRED 701704"],[9.3721096250000002,"OTAB CRED 718534"],[9.5124128330000008,"OTAB PROG 464310\/754624"],[9.6921640829999998,"OTAB CRED 735364"],[9.9923259580000003,"OTAB CRED 752194"],[10.032409541,"OTAB CRED 754624"],[10.772152208,"OTAB PROG 530145\/754624"],[12.032570249999999,"OTAB PROG 595980\/754624"],[13.252382750000001,"OTAB PROG 661815\/754624"],[14.492552541,"OTAB PROG 727650\/754624"],[15.031266291,"OTAB PROG 754624\/754624"],[15.031404041,"OTAB STAT write_ms=2327 calls=1321 erase_ms=2137 out=754624"],[15.032173999999999,"OTAB CRED 754624"],[15.231601958000001,"OTAB SKIP kept=0 wrote=185 erases=11 erase_ms=2137"],[15.231715082999999,"OTAB FLASH mode=internal program_bytes=754624 erase_bytes=757760"],[15.231731541,"OTAB TIME begin_ms=214 program_ms=2324 compare_us=0"],[15.231741166000001,"OTAB OK rebooting"],[15.231749625000001,"BENCH REBOOT graceful=1"]],"nosleep_requested":false,"payload_sha256":"902e774c2bd1811f2982ea318c38b64191d4b402a4d9a0c19c085e9604704d33","ready_callbacks":1525,"sent":754624,"thread_qos_is_userInteractive":true,"transfer_hint":true,"writes":1525}

SETUP OTAB AUTH ok
RESULT {"after": {"base": "f408a9dc9eb8a54e57a26d1ae3792059e1bfdad8e5991003dc0ba0d7b5c51de0", "resume": null, "resume_capable": true, "run": "app0", "slot": 1572864, "xforms": ["raw", "tamp", "delta"]}, "backend": "native-CoreBluetooth", "before": {"base": "9f8abf18b2ad59476c71f4c3ab757b6e9bc3fb8b7f5f5a95cb64263f015ba587", "run": "app1", "slot": 1572864}, "burst": 1, "bytes": 754624, "chunk": 495, "delegate_qos_is_userInteractive": true, "delegate_qos_rc": 0, "elapsed": 15.298219958, "flash": {"erase_bytes": "757760", "mode": "internal", "program_bytes": "754624"}, "image": "/tmp/node_X.bin", "image_kB_s": 49.32756896369367, "interval_request": 16, "kB_s": 49.32756896369367, "latency_critical_requested": true, "nosleep_requested": false, "payload_sha256": "902e774c2bd1811f2982ea318c38b64191d4b402a4d9a0c19c085e9604704d33", "purpose": "measure", "ready_callbacks": 1525, "real_write": true, "sent": 754624, "skip": {"erase_ms": "2137", "erases": "11", "kept": "0", "wrote": "185"}, "source_sha256": {"native_push_priority_queue.swift": "2c8af266cb26aabd5a0ea2e734ade76d037f370f40bb77ea89853444bcc951c6", "node/tools/bench_ble_ota.py": "78bf3268f84711cac6b882a925c451d3535967d44a1e8c2bb6b140f28c2c1d4a", "run_native_priority_queue.py": "b4626911a0788c59349af10e1eb15aca1e90e6fd2398224971636b7d11519cc7"}, "stats": {"calls": "1321", "erase_ms": "2137", "out": "754624", "write_ms": "2327"}, "stream_write_max": null, "thread_qos_is_userInteractive": true, "timing": {"begin_ms": "214", "compare_us": "0", "program_ms": "2324"}, "transfer_hint": true, "verified": true, "wire": "raw", "wire_bytes": 754624, "writes": 1525}
