NATIVE DISCOVER rssi=-30
[0.000] OTAB AUTH ok
[0.000] BENCH interval requested; inspect link after settling
[0.000] BENCH LINK interval=10 mtu=517 phy_known=1 tx=2 rx=2 timeout=72 latency=0
[0.000] BENCH BUFFERS msys1=50 size=256 msys2=96 acl=96 ce=2
[0.000] OTAB INFO run=app1 slot=1572864
[0.000] OTAB BASE 9f8abf18b2ad59476c71f4c3ab757b6e9bc3fb8b7f5f5a95cb64263f015ba587
[0.000] OTAB RESUME none
[0.000] OTAB XFORM raw,tamp,delta
[0.404] OTAB RING 262144
[0.405] OTAB READY part=app0 size=754624 xform=raw out=754624
[11.981] OTAB STAT write_ms=2494 calls=1123 erase_ms=2140 out=754624
[12.169] OTAB SKIP kept=0 wrote=185 erases=11 erase_ms=2140
[12.169] OTAB FLASH mode=internal program_bytes=754624 erase_bytes=757760
[12.169] OTAB TIME begin_ms=226 program_ms=2491 compare_us=0
[12.169] OTAB OK rebooting
[12.169] BENCH REBOOT graceful=1
NATIVE_RESULT {"backend":"native-CoreBluetooth","before":{"base":"9f8abf18b2ad59476c71f4c3ab757b6e9bc3fb8b7f5f5a95cb64263f015ba587","run":"app1","slot":1572864},"burst":1,"bytes":754624,"chunk":512,"delegate_qos_is_userInteractive":true,"delegate_qos_rc":0,"elapsed":12.220828917,"interval_request":10,"latency_critical_requested":true,"lines":[[0,"OTAB AUTH ok"],[0,"BENCH interval requested; inspect link after settling"],[0,"BENCH LINK interval=10 mtu=517 phy_known=1 tx=2 rx=2 timeout=72 latency=0"],[0,"BENCH BUFFERS msys1=50 size=256 msys2=96 acl=96 ce=2"],[0,"OTAB INFO run=app1 slot=1572864"],[0,"OTAB BASE 9f8abf18b2ad59476c71f4c3ab757b6e9bc3fb8b7f5f5a95cb64263f015ba587"],[0,"OTAB RESUME none"],[0,"OTAB XFORM raw,tamp,delta"],[0.404411042,"OTAB RING 262144"],[0.40452816699999999,"OTAB READY part=app0 size=754624 xform=raw out=754624"],[0.40458454199999999,"OTAB CRED 262144"],[0.98141866700000002,"OTAB CRED 286720"],[1.206065709,"OTAB CRED 305152"],[1.644401792,"OTAB PROG 71680\/754624"],[1.6444191669999999,"OTAB CRED 333824"],[1.8813467500000001,"OTAB CRED 357376"],[2.8189850000000001,"OTAB CRED 386560"],[2.9928915840000001,"OTAB PROG 170496\/754624"],[2.9929052500000002,"OTAB CRED 432640"],[3.2686579999999998,"OTAB CRED 449024"],[3.4691861249999998,"OTAB CRED 465408"],[3.7315772090000001,"OTAB CRED 481792"],[3.9816003339999999,"OTAB PROG 236032\/754624"],[3.9816175839999999,"OTAB CRED 498176"],[4.2564443340000002,"OTAB CRED 514560"],[4.518594459,"OTAB CRED 530944"],[4.7816317919999998,"OTAB CRED 547328"],[5.0441775839999998,"OTAB PROG 301568\/754624"],[5.044194375,"OTAB CRED 563712"],[5.2435915419999999,"OTAB CRED 580096"],[5.5189862500000002,"OTAB CRED 596480"],[5.7939337919999998,"OTAB CRED 612864"],[6.0437077500000003,"OTAB PROG 367104\/754624"],[6.0437191669999999,"OTAB CRED 629248"],[6.2810963749999997,"OTAB CRED 645632"],[6.5190510420000001,"OTAB CRED 662016"],[6.7439333340000003,"OTAB CRED 678400"],[7.0440302499999996,"OTAB PROG 432640\/754624"],[7.0440434999999999,"OTAB CRED 694784"],[7.2939164170000002,"OTAB CRED 711168"],[7.531519125,"OTAB CRED 727552"],[7.7690267090000003,"OTAB CRED 743936"],[7.9061910839999996,"OTAB CRED 754624"],[8.0317219170000005,"OTAB PROG 498176\/754624"],[9.0311804999999996,"OTAB PROG 563712\/754624"],[10.019008667,"OTAB PROG 629248\/754624"],[11.093815917000001,"OTAB PROG 694784\/754624"],[11.981001209,"OTAB PROG 754624\/754624"],[11.981125,"OTAB STAT write_ms=2494 calls=1123 erase_ms=2140 out=754624"],[12.169083499999999,"OTAB SKIP kept=0 wrote=185 erases=11 erase_ms=2140"],[12.169212459000001,"OTAB FLASH mode=internal program_bytes=754624 erase_bytes=757760"],[12.169234625,"OTAB TIME begin_ms=226 program_ms=2491 compare_us=0"],[12.169252584000001,"OTAB OK rebooting"],[12.169267917000001,"BENCH REBOOT graceful=1"]],"nosleep_requested":false,"payload_sha256":"902e774c2bd1811f2982ea318c38b64191d4b402a4d9a0c19c085e9604704d33","ready_callbacks":1474,"sent":754624,"thread_qos_is_userInteractive":true,"transfer_hint":true,"writes":1474}

SETUP OTAB AUTH ok
RESULT {"after": {"base": "f408a9dc9eb8a54e57a26d1ae3792059e1bfdad8e5991003dc0ba0d7b5c51de0", "resume": null, "resume_capable": true, "run": "app0", "slot": 1572864, "xforms": ["raw", "tamp", "delta"]}, "backend": "native-CoreBluetooth", "before": {"base": "9f8abf18b2ad59476c71f4c3ab757b6e9bc3fb8b7f5f5a95cb64263f015ba587", "run": "app1", "slot": 1572864}, "burst": 1, "bytes": 754624, "chunk": 512, "delegate_qos_is_userInteractive": true, "delegate_qos_rc": 0, "elapsed": 12.220828917, "flash": {"erase_bytes": "757760", "mode": "internal", "program_bytes": "754624"}, "image": "/tmp/node_X.bin", "image_kB_s": 61.74900288066932, "interval_request": 10, "kB_s": 61.74900288066932, "latency_critical_requested": true, "nosleep_requested": false, "payload_sha256": "902e774c2bd1811f2982ea318c38b64191d4b402a4d9a0c19c085e9604704d33", "purpose": "measure", "ready_callbacks": 1474, "real_write": true, "sent": 754624, "skip": {"erase_ms": "2140", "erases": "11", "kept": "0", "wrote": "185"}, "source_sha256": {"native_push_priority_queue.swift": "2c8af266cb26aabd5a0ea2e734ade76d037f370f40bb77ea89853444bcc951c6", "node/tools/bench_ble_ota.py": "78bf3268f84711cac6b882a925c451d3535967d44a1e8c2bb6b140f28c2c1d4a", "run_native_priority_queue.py": "b4626911a0788c59349af10e1eb15aca1e90e6fd2398224971636b7d11519cc7"}, "stats": {"calls": "1123", "erase_ms": "2140", "out": "754624", "write_ms": "2494"}, "stream_write_max": null, "thread_qos_is_userInteractive": true, "timing": {"begin_ms": "226", "compare_us": "0", "program_ms": "2491"}, "transfer_hint": true, "verified": true, "wire": "raw", "wire_bytes": 754624, "writes": 1474}
