NATIVE DISCOVER rssi=-32
[0.000] OTAB AUTH ok
[0.000] BENCH interval requested; inspect link after settling
[0.000] BENCH LINK interval=10 mtu=517 phy_known=1 tx=2 rx=2 timeout=72 latency=0
[0.000] BENCH BUFFERS msys1=50 size=256 msys2=96 acl=96 ce=2
[0.000] OTAB INFO run=app1 slot=1572864
[0.000] OTAB BASE 9f8abf18b2ad59476c71f4c3ab757b6e9bc3fb8b7f5f5a95cb64263f015ba587
[0.000] OTAB RESUME none
[0.000] OTAB XFORM raw,tamp,delta
[0.414] OTAB RING 262144
[0.414] OTAB READY part=app0 size=754624 xform=raw out=754624
[10.502] OTAB STAT write_ms=2475 calls=1069 erase_ms=2144 out=754624
[10.691] OTAB SKIP kept=0 wrote=185 erases=11 erase_ms=2144
[10.691] OTAB FLASH mode=internal program_bytes=754624 erase_bytes=757760
[10.691] OTAB TIME begin_ms=226 program_ms=2472 compare_us=0
[10.691] OTAB OK rebooting
[10.691] BENCH REBOOT graceful=1
NATIVE_RESULT {"backend":"native-CoreBluetooth","before":{"base":"9f8abf18b2ad59476c71f4c3ab757b6e9bc3fb8b7f5f5a95cb64263f015ba587","run":"app1","slot":1572864},"burst":1,"bytes":754624,"chunk":495,"delegate_qos_is_userInteractive":true,"delegate_qos_rc":0,"elapsed":10.74124175,"interval_request":10,"latency_critical_requested":true,"lines":[[0,"OTAB AUTH ok"],[0,"BENCH interval requested; inspect link after settling"],[0,"BENCH LINK interval=10 mtu=517 phy_known=1 tx=2 rx=2 timeout=72 latency=0"],[0,"BENCH BUFFERS msys1=50 size=256 msys2=96 acl=96 ce=2"],[0,"OTAB INFO run=app1 slot=1572864"],[0,"OTAB BASE 9f8abf18b2ad59476c71f4c3ab757b6e9bc3fb8b7f5f5a95cb64263f015ba587"],[0,"OTAB RESUME none"],[0,"OTAB XFORM raw,tamp,delta"],[0.41377037500000002,"OTAB RING 262144"],[0.41384341600000002,"OTAB READY part=app0 size=754624 xform=raw out=754624"],[0.41386320799999998,"OTAB CRED 262144"],[0.80271608299999997,"OTAB CRED 279469"],[1.027842208,"OTAB CRED 298279"],[1.46524575,"OTAB PROG 69300\/754624"],[1.465259708,"OTAB CRED 331444"],[1.902677916,"OTAB CRED 364114"],[2.352737291,"OTAB CRED 396784"],[2.9403035829999999,"OTAB PROG 154440\/754624"],[2.9403113329999999,"OTAB CRED 416584"],[3.1278558329999999,"OTAB CRED 466579"],[3.278001041,"OTAB PROG 220275\/754624"],[3.3031491659999999,"OTAB CRED 484894"],[3.5403555409999998,"OTAB CRED 501724"],[3.7527539999999999,"OTAB CRED 518554"],[4.0152011659999998,"OTAB CRED 535384"],[4.1775793329999997,"OTAB PROG 286110\/754624"],[4.228081875,"OTAB CRED 552214"],[4.4280172909999997,"OTAB CRED 569044"],[4.6787369160000001,"OTAB CRED 587359"],[4.9026437500000002,"OTAB CRED 604189"],[5.0152626659999999,"OTAB PROG 351945\/754624"],[5.0902715000000001,"OTAB CRED 621019"],[5.3527199999999997,"OTAB CRED 637849"],[5.5777129580000002,"OTAB CRED 654679"],[5.8026937500000004,"OTAB CRED 671509"],[5.9026284999999996,"OTAB PROG 417780\/754624"],[6.0030696250000002,"OTAB CRED 689329"],[6.2902220829999997,"OTAB CRED 706159"],[6.5402428329999998,"OTAB CRED 722989"],[6.7777069159999996,"OTAB CRED 739819"],[6.8904092910000001,"OTAB PROG 483615\/754624"],[6.9902731659999997,"OTAB CRED 754624"],[7.7651994159999997,"OTAB PROG 549945\/754624"],[8.6030825409999991,"OTAB PROG 615780\/754624"],[9.4777759160000006,"OTAB PROG 681615\/754624"],[10.365401291,"OTAB PROG 747450\/754624"],[10.502376999999999,"OTAB PROG 754624\/754624"],[10.502457333000001,"OTAB STAT write_ms=2475 calls=1069 erase_ms=2144 out=754624"],[10.690658458,"OTAB SKIP kept=0 wrote=185 erases=11 erase_ms=2144"],[10.690745790999999,"OTAB FLASH mode=internal program_bytes=754624 erase_bytes=757760"],[10.690769040999999,"OTAB TIME begin_ms=226 program_ms=2472 compare_us=0"],[10.690813041,"OTAB OK rebooting"],[10.690835708,"BENCH REBOOT graceful=1"]],"nosleep_requested":false,"payload_sha256":"902e774c2bd1811f2982ea318c38b64191d4b402a4d9a0c19c085e9604704d33","ready_callbacks":1525,"sent":754624,"thread_qos_is_userInteractive":true,"transfer_hint":true,"writes":1525}

SETUP OTAB AUTH ok
RESULT {"after": {"base": "f408a9dc9eb8a54e57a26d1ae3792059e1bfdad8e5991003dc0ba0d7b5c51de0", "resume": null, "resume_capable": true, "run": "app0", "slot": 1572864, "xforms": ["raw", "tamp", "delta"]}, "backend": "native-CoreBluetooth", "before": {"base": "9f8abf18b2ad59476c71f4c3ab757b6e9bc3fb8b7f5f5a95cb64263f015ba587", "run": "app1", "slot": 1572864}, "burst": 1, "bytes": 754624, "chunk": 495, "delegate_qos_is_userInteractive": true, "delegate_qos_rc": 0, "elapsed": 10.74124175, "flash": {"erase_bytes": "757760", "mode": "internal", "program_bytes": "754624"}, "image": "/tmp/node_X.bin", "image_kB_s": 70.2548194672185, "interval_request": 10, "kB_s": 70.2548194672185, "latency_critical_requested": true, "nosleep_requested": false, "payload_sha256": "902e774c2bd1811f2982ea318c38b64191d4b402a4d9a0c19c085e9604704d33", "purpose": "measure", "ready_callbacks": 1525, "real_write": true, "sent": 754624, "skip": {"erase_ms": "2144", "erases": "11", "kept": "0", "wrote": "185"}, "source_sha256": {"native_push_priority_queue.swift": "2c8af266cb26aabd5a0ea2e734ade76d037f370f40bb77ea89853444bcc951c6", "node/tools/bench_ble_ota.py": "78bf3268f84711cac6b882a925c451d3535967d44a1e8c2bb6b140f28c2c1d4a", "run_native_priority_queue.py": "b4626911a0788c59349af10e1eb15aca1e90e6fd2398224971636b7d11519cc7"}, "stats": {"calls": "1069", "erase_ms": "2144", "out": "754624", "write_ms": "2475"}, "stream_write_max": null, "thread_qos_is_userInteractive": true, "timing": {"begin_ms": "226", "compare_us": "0", "program_ms": "2472"}, "transfer_hint": true, "verified": true, "wire": "raw", "wire_bytes": 754624, "writes": 1525}
