NATIVE DISCOVER rssi=-30
[0.000] OTAB AUTH ok
[0.000] BENCH interval requested; inspect link after settling
[0.000] BENCH LINK interval=13 mtu=517 phy_known=1 tx=2 rx=2 timeout=72 latency=0
[0.000] BENCH BUFFERS msys1=50 size=256 msys2=96 acl=96 ce=2
[0.000] OTAB INFO run=app1 slot=1572864
[0.000] OTAB BASE 9f8abf18b2ad59476c71f4c3ab757b6e9bc3fb8b7f5f5a95cb64263f015ba587
[0.000] OTAB RESUME none
[0.000] OTAB XFORM raw,tamp,delta
[0.408] OTAB RING 262144
[0.409] OTAB READY part=app0 size=754624 xform=raw out=754624
[12.808] OTAB STAT write_ms=2363 calls=1272 erase_ms=2150 out=754624
[13.003] OTAB SKIP kept=0 wrote=185 erases=11 erase_ms=2150
[13.003] OTAB FLASH mode=internal program_bytes=754624 erase_bytes=757760
[13.003] OTAB TIME begin_ms=211 program_ms=2359 compare_us=0
[13.003] OTAB OK rebooting
[13.003] BENCH REBOOT graceful=1
NATIVE_RESULT {"backend":"native-CoreBluetooth","before":{"base":"9f8abf18b2ad59476c71f4c3ab757b6e9bc3fb8b7f5f5a95cb64263f015ba587","run":"app1","slot":1572864},"burst":1,"bytes":754624,"chunk":495,"delegate_qos_is_userInteractive":true,"delegate_qos_rc":0,"elapsed":13.055642375,"interval_request":13,"latency_critical_requested":true,"lines":[[0,"OTAB AUTH ok"],[0,"BENCH interval requested; inspect link after settling"],[0,"BENCH LINK interval=13 mtu=517 phy_known=1 tx=2 rx=2 timeout=72 latency=0"],[0,"BENCH BUFFERS msys1=50 size=256 msys2=96 acl=96 ce=2"],[0,"OTAB INFO run=app1 slot=1572864"],[0,"OTAB BASE 9f8abf18b2ad59476c71f4c3ab757b6e9bc3fb8b7f5f5a95cb64263f015ba587"],[0,"OTAB RESUME none"],[0,"OTAB XFORM raw,tamp,delta"],[0.408423333,"OTAB RING 262144"],[0.40858666599999999,"OTAB READY part=app0 size=754624 xform=raw out=754624"],[0.40868454100000001,"OTAB CRED 262144"],[0.97855595799999995,"OTAB CRED 285904"],[1.4010553750000001,"OTAB CRED 314614"],[1.6122932080000001,"OTAB PROG 66330\/754624"],[1.8075233749999999,"OTAB CRED 338374"],[2.2298095409999998,"OTAB CRED 364609"],[2.9124261659999999,"OTAB PROG 149490\/754624"],[2.9124382080000002,"OTAB CRED 411634"],[3.1885917909999999,"OTAB CRED 428464"],[3.4647627910000001,"OTAB CRED 445294"],[3.724848208,"OTAB CRED 462124"],[3.9849456660000002,"OTAB PROG 215325\/754624"],[4.0173038329999997,"OTAB CRED 478954"],[4.3259847909999998,"OTAB CRED 496774"],[4.58612325,"OTAB CRED 513604"],[4.8624599579999996,"OTAB CRED 530434"],[5.0411756250000002,"OTAB PROG 281160\/754624"],[5.0899933329999998,"OTAB CRED 547264"],[5.383218083,"OTAB CRED 564094"],[5.6752247499999999,"OTAB CRED 580924"],[5.9512039579999998,"OTAB CRED 597754"],[6.1461509579999998,"OTAB PROG 346995\/754624"],[6.2274516660000003,"OTAB CRED 615079"],[6.5037491249999997,"OTAB CRED 631909"],[6.796174208,"OTAB CRED 648739"],[7.0890324160000002,"OTAB CRED 665569"],[7.2025318330000001,"OTAB PROG 412830\/754624"],[7.3652386249999999,"OTAB CRED 682399"],[7.6736230829999998,"OTAB CRED 699229"],[7.9986649160000001,"OTAB CRED 716059"],[8.2750434580000007,"OTAB CRED 732889"],[8.3887060000000009,"OTAB PROG 478665\/754624"],[8.5674134160000008,"OTAB CRED 750214"],[8.6161295829999993,"OTAB CRED 754624"],[9.4775369999999999,"OTAB PROG 544500\/754624"],[10.51782375,"OTAB PROG 610335\/754624"],[11.557579415999999,"OTAB PROG 676665\/754624"],[12.614425875,"OTAB PROG 742500\/754624"],[12.808381708000001,"OTAB PROG 754624\/754624"],[12.808446332999999,"OTAB STAT write_ms=2363 calls=1272 erase_ms=2150 out=754624"],[13.002719166,"OTAB SKIP kept=0 wrote=185 erases=11 erase_ms=2150"],[13.002784957999999,"OTAB FLASH mode=internal program_bytes=754624 erase_bytes=757760"],[13.002805499999999,"OTAB TIME begin_ms=211 program_ms=2359 compare_us=0"],[13.002823208000001,"OTAB OK rebooting"],[13.002838958,"BENCH REBOOT graceful=1"]],"nosleep_requested":false,"payload_sha256":"902e774c2bd1811f2982ea318c38b64191d4b402a4d9a0c19c085e9604704d33","ready_callbacks":1525,"sent":754624,"thread_qos_is_userInteractive":true,"transfer_hint":true,"writes":1525}

SETUP OTAB AUTH ok
RESULT {"after": {"base": "f408a9dc9eb8a54e57a26d1ae3792059e1bfdad8e5991003dc0ba0d7b5c51de0", "resume": null, "resume_capable": true, "run": "app0", "slot": 1572864, "xforms": ["raw", "tamp", "delta"]}, "backend": "native-CoreBluetooth", "before": {"base": "9f8abf18b2ad59476c71f4c3ab757b6e9bc3fb8b7f5f5a95cb64263f015ba587", "run": "app1", "slot": 1572864}, "burst": 1, "bytes": 754624, "chunk": 495, "delegate_qos_is_userInteractive": true, "delegate_qos_rc": 0, "elapsed": 13.055642375, "flash": {"erase_bytes": "757760", "mode": "internal", "program_bytes": "754624"}, "image": "/tmp/node_X.bin", "image_kB_s": 57.800602860033536, "interval_request": 13, "kB_s": 57.800602860033536, "latency_critical_requested": true, "nosleep_requested": false, "payload_sha256": "902e774c2bd1811f2982ea318c38b64191d4b402a4d9a0c19c085e9604704d33", "purpose": "measure", "ready_callbacks": 1525, "real_write": true, "sent": 754624, "skip": {"erase_ms": "2150", "erases": "11", "kept": "0", "wrote": "185"}, "source_sha256": {"native_push_priority_queue.swift": "2c8af266cb26aabd5a0ea2e734ade76d037f370f40bb77ea89853444bcc951c6", "node/tools/bench_ble_ota.py": "78bf3268f84711cac6b882a925c451d3535967d44a1e8c2bb6b140f28c2c1d4a", "run_native_priority_queue.py": "b4626911a0788c59349af10e1eb15aca1e90e6fd2398224971636b7d11519cc7"}, "stats": {"calls": "1272", "erase_ms": "2150", "out": "754624", "write_ms": "2363"}, "stream_write_max": null, "thread_qos_is_userInteractive": true, "timing": {"begin_ms": "211", "compare_us": "0", "program_ms": "2359"}, "transfer_hint": true, "verified": true, "wire": "raw", "wire_bytes": 754624, "writes": 1525}
