NATIVE DISCOVER rssi=-32
[0.000] OTAB AUTH ok
[0.000] BENCH interval requested; inspect link after settling
[0.000] BENCH LINK interval=10 mtu=517 phy_known=1 tx=2 rx=2 timeout=72 latency=0
[0.000] BENCH BUFFERS msys1=50 size=256 msys2=96 acl=96 ce=2
[0.000] OTAB INFO run=app1 slot=1572864
[0.000] OTAB BASE 9f8abf18b2ad59476c71f4c3ab757b6e9bc3fb8b7f5f5a95cb64263f015ba587
[0.000] OTAB RESUME none
[0.000] OTAB XFORM raw,tamp,delta
[0.402] OTAB RING 262144
[0.403] OTAB READY part=app0 size=754624 xform=raw out=754624
[10.266] OTAB STAT write_ms=2455 calls=1903 erase_ms=2165 out=754624
[10.466] OTAB SKIP kept=0 wrote=185 erases=11 erase_ms=2165
[10.466] OTAB FLASH mode=internal program_bytes=754624 erase_bytes=757760
[10.466] OTAB TIME begin_ms=212 program_ms=2451 compare_us=0
[10.466] OTAB OK rebooting
[10.466] BENCH REBOOT graceful=1
NATIVE_RESULT {"backend":"native-CoreBluetooth","before":{"base":"9f8abf18b2ad59476c71f4c3ab757b6e9bc3fb8b7f5f5a95cb64263f015ba587","run":"app1","slot":1572864},"burst":1,"bytes":754624,"chunk":244,"delegate_qos_is_userInteractive":true,"delegate_qos_rc":0,"elapsed":10.518884999999999,"interval_request":10,"latency_critical_requested":true,"lines":[[0,"OTAB AUTH ok"],[0,"BENCH interval requested; inspect link after settling"],[0,"BENCH LINK interval=10 mtu=517 phy_known=1 tx=2 rx=2 timeout=72 latency=0"],[0,"BENCH BUFFERS msys1=50 size=256 msys2=96 acl=96 ce=2"],[0,"OTAB INFO run=app1 slot=1572864"],[0,"OTAB BASE 9f8abf18b2ad59476c71f4c3ab757b6e9bc3fb8b7f5f5a95cb64263f015ba587"],[0,"OTAB RESUME none"],[0,"OTAB XFORM raw,tamp,delta"],[0.40245674999999997,"OTAB RING 262144"],[0.40260541700000002,"OTAB READY part=app0 size=754624 xform=raw out=754624"],[0.40265166699999999,"OTAB CRED 262144"],[0.79157987500000004,"OTAB CRED 281908"],[1.2168841669999999,"OTAB CRED 304844"],[1.4292214590000001,"OTAB CRED 322900"],[1.6541655,"OTAB PROG 76372\/754624"],[1.866876459,"OTAB CRED 353644"],[2.1166017500000001,"OTAB CRED 374384"],[2.9044038749999999,"OTAB CRED 402444"],[3.1169191249999999,"OTAB PROG 199348\/754624"],[3.116940209,"OTAB CRED 461492"],[3.354369417,"OTAB CRED 478084"],[3.5916193750000001,"OTAB CRED 494676"],[3.7671540000000001,"OTAB CRED 511268"],[3.9916100839999999,"OTAB PROG 264984\/754624"],[3.993101292,"OTAB CRED 527860"],[4.2042655,"OTAB CRED 544452"],[4.4165947919999997,"OTAB CRED 561044"],[4.6290809169999996,"OTAB CRED 578612"],[4.8417583750000004,"OTAB PROG 330620\/754624"],[4.8666694589999997,"OTAB CRED 595204"],[5.0796361250000004,"OTAB CRED 611796"],[5.2544324170000003,"OTAB CRED 628388"],[5.4668079589999996,"OTAB CRED 644980"],[5.6547885420000004,"OTAB PROG 396256\/754624"],[5.6920410840000004,"OTAB CRED 661572"],[5.9169402089999998,"OTAB CRED 678164"],[6.1292110419999997,"OTAB CRED 694756"],[6.3419045839999999,"OTAB CRED 711348"],[6.5167452920000004,"OTAB PROG 461892\/754624"],[6.5542612919999996,"OTAB CRED 727940"],[6.7292340419999999,"OTAB CRED 744532"],[6.9043348340000001,"OTAB CRED 754624"],[7.3794892919999997,"OTAB PROG 527528\/754624"],[8.1668175000000005,"OTAB PROG 593164\/754624"],[9.0168206249999994,"OTAB PROG 658800\/754624"],[9.9044620840000004,"OTAB PROG 724436\/754624"],[10.266332292,"OTAB PROG 754624\/754624"],[10.266421334,"OTAB STAT write_ms=2455 calls=1903 erase_ms=2165 out=754624"],[10.465653375,"OTAB SKIP kept=0 wrote=185 erases=11 erase_ms=2165"],[10.465746125000001,"OTAB FLASH mode=internal program_bytes=754624 erase_bytes=757760"],[10.46577675,"OTAB TIME begin_ms=212 program_ms=2451 compare_us=0"],[10.465801084000001,"OTAB OK rebooting"],[10.465821459000001,"BENCH REBOOT graceful=1"]],"nosleep_requested":false,"payload_sha256":"902e774c2bd1811f2982ea318c38b64191d4b402a4d9a0c19c085e9604704d33","ready_callbacks":3093,"sent":754624,"thread_qos_is_userInteractive":true,"transfer_hint":true,"writes":3093}

SETUP OTAB AUTH ok
RESULT {"after": {"base": "f408a9dc9eb8a54e57a26d1ae3792059e1bfdad8e5991003dc0ba0d7b5c51de0", "resume": null, "resume_capable": true, "run": "app0", "slot": 1572864, "xforms": ["raw", "tamp", "delta"]}, "backend": "native-CoreBluetooth", "before": {"base": "9f8abf18b2ad59476c71f4c3ab757b6e9bc3fb8b7f5f5a95cb64263f015ba587", "run": "app1", "slot": 1572864}, "burst": 1, "bytes": 754624, "chunk": 244, "delegate_qos_is_userInteractive": true, "delegate_qos_rc": 0, "elapsed": 10.518885, "flash": {"erase_bytes": "757760", "mode": "internal", "program_bytes": "754624"}, "image": "/tmp/node_X.bin", "image_kB_s": 71.73992300514742, "interval_request": 10, "kB_s": 71.73992300514742, "latency_critical_requested": true, "nosleep_requested": false, "payload_sha256": "902e774c2bd1811f2982ea318c38b64191d4b402a4d9a0c19c085e9604704d33", "purpose": "measure", "ready_callbacks": 3093, "real_write": true, "sent": 754624, "skip": {"erase_ms": "2165", "erases": "11", "kept": "0", "wrote": "185"}, "source_sha256": {"native_push_priority_queue.swift": "2c8af266cb26aabd5a0ea2e734ade76d037f370f40bb77ea89853444bcc951c6", "node/tools/bench_ble_ota.py": "78bf3268f84711cac6b882a925c451d3535967d44a1e8c2bb6b140f28c2c1d4a", "run_native_priority_queue.py": "b4626911a0788c59349af10e1eb15aca1e90e6fd2398224971636b7d11519cc7"}, "stats": {"calls": "1903", "erase_ms": "2165", "out": "754624", "write_ms": "2455"}, "stream_write_max": null, "thread_qos_is_userInteractive": true, "timing": {"begin_ms": "212", "compare_us": "0", "program_ms": "2451"}, "transfer_hint": true, "verified": true, "wire": "raw", "wire_bytes": 754624, "writes": 3093}
