0924cec1d32e3c0939c781a34bfafd867d782d1db6743541e04eda1764ff499b  bumble_entry.py
78bf3268f84711cac6b882a925c451d3535967d44a1e8c2bb6b140f28c2c1d4a  node/tools/bench_ble_ota.py
f8e4608c4faf51bec52440199f0c3e6c224bcd585c45f91142bf68e6f17467c4  esp-ota-ble/host/esp_ota_ble.py
DISCOVERY exact_mac 7C:4F:AD:20:2A:29 'farmnode-202A29' 'farmnode-202A29'
SETUP BENCH HOST adapter_path=None
SETUP OTAB AUTH ok
SETUP BENCH interval requested; inspect link after settling
SETUP BENCH LINK interval=10 mtu=517 phy_known=1 tx=2 rx=2 timeout=72 latency=0
EXPERIMENT NONSTANDARD HCI packet bytes initial_host_queue=27 override=251 credits_unchanged=8
BUMBLE explicit_bench_characteristic_capacity=512 mtu=517 max_value=512
BUMBLE LIVE LE BUFFER packet_bytes=27 credits=8 host_queue_bytes=251
BUMBLE {"ce_requested_ms": 0.0, "hci_in_flight": 8, "hci_initial_host_packet_bytes": 27, "hci_packet_bytes": 251, "hci_reported_packet_bytes": 27, "interval_requested_ms": 12.5, "parameters": "Connection.Parameters(connection_interval=12.5, peripheral_latency=0, supervision_timeout=2000.0, subrate_factor=1, continuation_number=0)", "phy": "ConnectionPHY(tx_phy=<Phy.LE_2M: 2>, rx_phy=<Phy.LE_2M: 2>)", "transport": "AC:A7:F1:83:27:AD"}
SETUP BENCH LINK interval=10 mtu=517 phy_known=1 tx=2 rx=2 timeout=200 latency=0
SETUP BENCH DLE tx=251 tx_us=2120 rx=251 rx_us=2120
SETUP BENCH RSSI rc=0 dbm=-34
BEFORE {"base": "9f8abf18b2ad59476c71f4c3ab757b6e9bc3fb8b7f5f5a95cb64263f015ba587", "resume": null, "resume_capable": true, "run": "app1", "slot": 1572864, "xforms": ["raw", "tamp", "delta"]}
LINK mtu=517 max_write=512 chunk=495
[0.400] OTAB RING 262144
[0.400] OTAB READY part=app0 size=754624 xform=raw out=754624
[5.712] OTAB STAT write_ms=2792 calls=494 erase_ms=2155 out=754624
[5.912] OTAB SKIP kept=0 wrote=185 erases=11 erase_ms=2155
[5.912] OTAB FLASH mode=internal program_bytes=754624 erase_bytes=757760
[5.912] OTAB TIME begin_ms=219 program_ms=2790 compare_us=0
[5.912] OTAB OK rebooting
[5.912] BENCH REBOOT graceful=1
DISCOVERY exact_mac 7C:4F:AD:20:2A:29 'farmnode-202A29' 'farmnode-202A29'
SETUP BENCH HOST adapter_path=None
SETUP OTAB AUTH ok
EXPERIMENT NONSTANDARD HCI packet bytes initial_host_queue=251 override=251 credits_unchanged=8
BUMBLE explicit_bench_characteristic_capacity=512 mtu=517 max_value=512
BUMBLE LIVE LE BUFFER packet_bytes=27 credits=8 host_queue_bytes=251
BUMBLE {"ce_requested_ms": 0.0, "hci_in_flight": 8, "hci_initial_host_packet_bytes": 251, "hci_packet_bytes": 251, "hci_reported_packet_bytes": 27, "interval_requested_ms": 12.5, "parameters": "Connection.Parameters(connection_interval=12.5, peripheral_latency=0, supervision_timeout=2000.0, subrate_factor=1, continuation_number=0)", "phy": "ConnectionPHY(tx_phy=<Phy.LE_2M: 2>, rx_phy=<Phy.LE_2M: 2>)", "transport": "AC:A7:F1:83:27:AD"}
SETUP OTAB FAIL bad-command
SETUP OTAB FAIL command rejected
SETUP OTAB FAIL bad-command
SETUP OTAB FAIL command rejected
SETUP OTAB FAIL bad-command
SETUP OTAB FAIL command rejected
RESULT {"adapter": "AC:A7:F1:83:27:AD", "after": {"base": "f408a9dc9eb8a54e57a26d1ae3792059e1bfdad8e5991003dc0ba0d7b5c51de0", "resume": null, "resume_capable": true, "run": "app0", "slot": 1572864, "xforms": ["raw", "tamp", "delta"]}, "before": {"base": "9f8abf18b2ad59476c71f4c3ab757b6e9bc3fb8b7f5f5a95cb64263f015ba587", "resume": null, "resume_capable": true, "run": "app1", "slot": 1572864, "xforms": ["raw", "tamp", "delta"]}, "burst": 1, "bytes": 754624, "chunk": 495, "elapsed": 5.956287252949551, "flash": {"erase_bytes": "757760", "mode": "internal", "program_bytes": "754624"}, "host": "rpi", "image": "node_X.bin", "image_kB_s": 126.69368819079546, "kB_s": 126.69368819079546, "name": "farmnode-202A29", "negotiated_setup": ["BENCH HOST adapter_path=None", "OTAB AUTH ok", "BENCH interval requested; inspect link after settling", "BENCH LINK interval=10 mtu=517 phy_known=1 tx=2 rx=2 timeout=72 latency=0", "BENCH LINK interval=10 mtu=517 phy_known=1 tx=2 rx=2 timeout=200 latency=0", "BENCH DLE tx=251 tx_us=2120 rx=251 rx_us=2120", "BENCH RSSI rc=0 dbm=-34"], "paced_writes": 0, "payload_build_s": 1.9441358745098114e-06, "poll_s": null, "purpose": "measure", "ready_callbacks": null, "ready_event": false, "real_write": true, "setup": ["interval 10", "link"], "skip": {"erase_ms": "2155", "erases": "11", "kept": "0", "wrote": "185"}, "stats": {"calls": "494", "erase_ms": "2155", "out": "754624", "write_ms": "2792"}, "timing": {"begin_ms": "219", "compare_us": "0", "program_ms": "2790"}, "transfer_hint": true, "verified": true, "wire": "raw", "wire_bytes": 754624, "write_fd": false}
