0924cec1d32e3c0939c781a34bfafd867d782d1db6743541e04eda1764ff499b  bumble_entry.py
78bf3268f84711cac6b882a925c451d3535967d44a1e8c2bb6b140f28c2c1d4a  node/tools/bench_ble_ota.py
f8e4608c4faf51bec52440199f0c3e6c224bcd585c45f91142bf68e6f17467c4  esp-ota-ble/host/esp_ota_ble.py
DISCOVERY exact_mac 7C:4F:AD:20:2A:29 'farmnode-202A29' 'farmnode-202A29'
SETUP BENCH HOST adapter_path=None
SETUP OTAB AUTH ok
EXPERIMENT NONSTANDARD HCI packet bytes initial_host_queue=27 override=251 credits_unchanged=8
BUMBLE explicit_bench_characteristic_capacity=512 mtu=517 max_value=512
BUMBLE LIVE LE BUFFER packet_bytes=27 credits=8 host_queue_bytes=251
BUMBLE {"ce_requested_ms": 0.0, "hci_in_flight": 8, "hci_initial_host_packet_bytes": 27, "hci_packet_bytes": 251, "hci_reported_packet_bytes": 27, "interval_requested_ms": 12.5, "parameters": "Connection.Parameters(connection_interval=12.5, peripheral_latency=0, supervision_timeout=2000.0, subrate_factor=1, continuation_number=0)", "phy": "ConnectionPHY(tx_phy=<Phy.LE_2M: 2>, rx_phy=<Phy.LE_2M: 2>)", "transport": "AC:A7:F1:83:27:AD"}
SETUP OTAB FAIL bad-command
SETUP OTAB FAIL command rejected
SETUP OTAB FAIL bad-command
SETUP OTAB FAIL command rejected
SETUP OTAB FAIL bad-command
SETUP OTAB FAIL command rejected
BEFORE {"base": "f408a9dc9eb8a54e57a26d1ae3792059e1bfdad8e5991003dc0ba0d7b5c51de0", "resume": null, "resume_capable": true, "run": "app0", "slot": 1572864, "xforms": ["raw", "tamp", "delta"]}
LINK mtu=517 max_write=512 chunk=495
delta against node_X.bin
[0.168] OTAB RING 262144
[0.168] OTAB READY part=app1 size=225157 xform=delta out=725056
[1.992] OTAB STAT write_ms=1217 calls=325 erase_ms=46 out=725056
DISCOVERY exact_mac 7C:4F:AD:20:2A:29 'farmnode-202A29' 'farmnode-202A29'
SETUP BENCH HOST adapter_path=None
SETUP OTAB AUTH ok
EXPERIMENT NONSTANDARD HCI packet bytes initial_host_queue=251 override=251 credits_unchanged=8
BUMBLE explicit_bench_characteristic_capacity=512 mtu=517 max_value=512
BUMBLE LIVE LE BUFFER packet_bytes=27 credits=8 host_queue_bytes=251
BUMBLE {"ce_requested_ms": 0.0, "hci_in_flight": 8, "hci_initial_host_packet_bytes": 251, "hci_packet_bytes": 251, "hci_reported_packet_bytes": 27, "interval_requested_ms": 12.5, "parameters": "Connection.Parameters(connection_interval=12.5, peripheral_latency=0, supervision_timeout=2000.0, subrate_factor=1, continuation_number=0)", "phy": "ConnectionPHY(tx_phy=<Phy.LE_2M: 2>, rx_phy=<Phy.LE_2M: 2>)", "transport": "AC:A7:F1:83:27:AD"}
SETUP BENCH LINK interval=10 mtu=517 phy_known=1 tx=2 rx=2 timeout=200 latency=0
SETUP BENCH DLE tx=251 tx_us=2120 rx=251 rx_us=2120
SETUP BENCH RSSI rc=0 dbm=-40
RESULT {"adapter": "AC:A7:F1:83:27:AD", "after": {"base": "9f8abf18b2ad59476c71f4c3ab757b6e9bc3fb8b7f5f5a95cb64263f015ba587", "resume": null, "resume_capable": true, "run": "app1", "slot": 1572864, "xforms": ["raw", "tamp", "delta"]}, "before": {"base": "f408a9dc9eb8a54e57a26d1ae3792059e1bfdad8e5991003dc0ba0d7b5c51de0", "resume": null, "resume_capable": true, "run": "app0", "slot": 1572864, "xforms": ["raw", "tamp", "delta"]}, "burst": 1, "bytes": 725056, "chunk": 495, "elapsed": 4.246330132940784, "flash": {}, "host": "rpi", "image": "node_Graceful.bin", "image_kB_s": 170.7488530803102, "kB_s": 53.02390368882322, "name": "farmnode-202A29", "negotiated_setup": ["BENCH HOST adapter_path=None", "OTAB AUTH ok", "OTAB FAIL bad-command", "OTAB FAIL command rejected", "OTAB FAIL bad-command", "OTAB FAIL command rejected", "OTAB FAIL bad-command", "OTAB FAIL command rejected"], "paced_writes": 0, "payload_build_s": 0.33612656709738076, "poll_s": null, "purpose": "install", "ready_callbacks": null, "ready_event": false, "real_write": null, "setup": [], "skip": {}, "stats": {"calls": "325", "erase_ms": "46", "out": "725056", "write_ms": "1217"}, "timing": {}, "transfer_hint": true, "verified": true, "wire": "delta", "wire_bytes": 225157, "write_fd": false}
