SCAN 50:E8:AD:3D:2A:56 -42
SCAN 0E:53:58:AF:CD:95 -56
SCAN 50:E8:AD:3D:2A:56 -41
SCAN 50:E8:AD:3D:2A:56 -42
SCAN 74:C5:10:AA:9D:B3 -41
SCAN 6D:EA:E0:75:44:7F -41
SCAN 34:85:18:98:15:89/P -35
SCAN 50:E8:AD:3D:2A:56 -45
SCAN 74:C5:10:AA:9D:B3 -45
SCAN 6D:EA:E0:75:44:7F -44
SCAN 7C:4F:AD:1E:9A:BD/P -39
SCAN 50:E8:AD:3D:2A:56 -43
SCAN 34:85:18:98:15:89/P -35
SCAN 74:C5:10:AA:9D:B3 -43
SCAN 6D:EA:E0:75:44:7F -43
SCAN 0E:53:58:AF:CD:95 -57
SCAN 50:E8:AD:3D:2A:56 -43
SCAN FB:7F:24:F5:45:92 -42
SCAN 74:C5:10:AA:9D:B3 -43
SCAN 7C:4F:AD:1E:9A:BD/P -39
SCAN 50:E8:AD:3D:2A:56 -42
SCAN 34:85:18:98:15:89/P -32
SCAN 50:E8:AD:3D:2A:56 -42
SCAN 74:C5:10:AA:9D:B3 -44
SCAN 6D:EA:E0:75:44:7F -44
SCAN 50:E8:AD:3D:2A:56 -42
SCAN 7C:4F:AD:1E:9A:BD/P -39
SCAN 6D:EA:E0:75:44:7F -43
SCAN 74:C5:10:AA:9D:B3 -43
SCAN 50:E8:AD:3D:2A:56 -43
SCAN 34:85:18:98:15:89/P -32
SCAN 0E:53:58:AF:CD:95 -58
SCAN 50:E8:AD:3D:2A:56 -42
SCAN 6D:EA:E0:75:44:7F -41
SCAN 74:C5:10:AA:9D:B3 -41
SCAN 50:E8:AD:3D:2A:56 -42
SCAN 7C:4F:AD:1E:9A:BD/P -37
SCAN 6D:EA:E0:75:44:7F -44
SCAN 34:85:18:98:15:89/P -41
SCAN 50:E8:AD:3D:2A:56 -45
SCAN 6D:EA:E0:75:44:7F -42
SCAN 74:C5:10:AA:9D:B3 -42
SCAN 7C:4F:AD:1E:9A:BD/P -39
SCAN 50:E8:AD:3D:2A:56 -44
SCAN 34:85:18:98:15:89/P -41
SCAN 50:E8:AD:3D:2A:56 -44
SCAN 6D:EA:E0:75:44:7F -42
SCAN 74:C5:10:AA:9D:B3 -42
SCAN 0E:53:58:AF:CD:95 -63
SCAN FB:7F:24:F5:45:92 -44
SCAN 50:E8:AD:3D:2A:56 -43
SCAN 7C:4F:AD:1E:9A:BD/P -38
SCAN 60:98:66:D1:60:BE/P -71
SCAN 7C:4F:AD:20:2A:29/P -31
SCAN 6D:EA:E0:75:44:7F -43
SCAN 74:C5:10:AA:9D:B3 -43
SCAN 50:E8:AD:3D:2A:56 -43
SCAN 34:85:18:98:15:89/P -35
SCAN 50:E8:AD:3D:2A:56 -41
SCAN 6D:EA:E0:75:44:7F -41
SCAN 74:C5:10:AA:9D:B3 -41
SCAN 50:E8:AD:3D:2A:56 -41
SCAN 7C:4F:AD:1E:9A:BD/P -38
SCAN 7C:4F:AD:20:2A:29/P -31
SCAN 6D:EA:E0:75:44:7F -41
SCAN 74:C5:10:AA:9D:B3 -41
SCAN 50:E8:AD:3D:2A:56 -41
SCAN 34:85:18:98:15:89/P -31
SCAN 0E:53:58:AF:CD:95 -57
SCAN 50:E8:AD:3D:2A:56 -41
SCAN 6D:EA:E0:75:44:7F -42
SCAN 74:C5:10:AA:9D:B3 -43
SCAN 7C:4F:AD:1E:9A:BD/P -39
SCAN 50:E8:AD:3D:2A:56 -40
SCAN 7C:4F:AD:20:2A:29/P -31
SCAN 34:85:18:98:15:89/P -32
SCAN 50:E8:AD:3D:2A:56 -40
SCAN 74:C5:10:AA:9D:B3 -41
SCAN 6D:EA:E0:75:44:7F -41
SCAN 50:E8:AD:3D:2A:56 -40
SCAN 7C:4F:AD:1E:9A:BD/P -37
SCAN 74:C5:10:AA:9D:B3 -41
SCAN 6D:EA:E0:75:44:7F -41
SCAN 50:E8:AD:3D:2A:56 -43
SCAN 34:85:18:98:15:89/P -41
SCAN 7C:4F:AD:20:2A:29/P -31
SCAN 50:E8:AD:3D:2A:56 -43
SCAN 0E:53:58:AF:CD:95 -56
SCAN 74:C5:10:AA:9D:B3 -44
SCAN 6D:EA:E0:75:44:7F -44
SCAN FB:7F:24:F5:45:92 -43
SCAN 50:E8:AD:3D:2A:56 -44
SCAN 7C:4F:AD:1E:9A:BD/P -37
SCAN 60:98:66:D1:60:BE/P -70
SCAN 74:C5:10:AA:9D:B3 -46
SCAN 6D:EA:E0:75:44:7F -46
SCAN 34:85:18:98:15:89/P -41
SCAN 50:E8:AD:3D:2A:56 -45
SCAN 6D:EA:E0:75:44:7F -42
SCAN 74:C5:10:AA:9D:B3 -41
SCAN 7C:4F:AD:1E:9A:BD/P -39
SCAN 50:E8:AD:3D:2A:56 -45
SCAN 34:85:18:98:15:89/P -36
SCAN 50:E8:AD:3D:2A:56 -45
SCAN 6D:EA:E0:75:44:7F -43
SCAN 74:C5:10:AA:9D:B3 -43
SCAN 50:E8:AD:3D:2A:56 -44
SCAN 7C:4F:AD:1E:9A:BD/P -40
SCAN 74:C5:10:AA:9D:B3 -44
SCAN 6D:EA:E0:75:44:7F -44
SCAN 50:E8:AD:3D:2A:56 -43
SCAN 34:85:18:98:15:89/P -31
SCAN 74:C5:10:AA:9D:B3 -41
SCAN 6D:EA:E0:75:44:7F -41
SCAN 50:E8:AD:3D:2A:56 -44
SCAN 7C:4F:AD:1E:9A:BD/P -39
SCAN 74:C5:10:AA:9D:B3 -43
SCAN 6D:EA:E0:75:44:7F -43
SCAN 34:85:18:98:15:89/P -31
SCAN 50:E8:AD:3D:2A:56 -44
SCAN FB:7F:24:F5:45:92 -40
SCAN 6D:EA:E0:75:44:7F -42
SCAN 74:C5:10:AA:9D:B3 -42
SCAN 50:E8:AD:3D:2A:56 -43
SCAN 7C:4F:AD:1E:9A:BD/P -36
SCAN 50:E8:AD:3D:2A:56 -44
SCAN 34:85:18:98:15:89/P -41
SCAN 74:C5:10:AA:9D:B3 -39
SCAN 6D:EA:E0:75:44:7F -41
SCAN 50:E8:AD:3D:2A:56 -44
SCAN 7C:4F:AD:1E:9A:BD/P -37
SCAN 6D:EA:E0:75:44:7F -43
SCAN 74:C5:10:AA:9D:B3 -43
SCAN 50:E8:AD:3D:2A:56 -43
SCAN 34:85:18:98:15:89/P -41
SCAN 74:C5:10:AA:9D:B3 -41
SCAN 6D:EA:E0:75:44:7F -41
SCAN 0E:53:58:AF:CD:95 -57
SCAN 50:E8:AD:3D:2A:56 -40
SCAN 7C:4F:AD:1E:9A:BD/P -39
SCAN 74:C5:10:AA:9D:B3 -39
SCAN 6D:EA:E0:75:44:7F -40
SCAN 50:E8:AD:3D:2A:56 -39
SCAN 34:85:18:98:15:89/P -36
SCAN 50:E8:AD:3D:2A:56 -39
SCAN 74:C5:10:AA:9D:B3 -43
SCAN 6D:EA:E0:75:44:7F -43
SCAN 50:E8:AD:3D:2A:56 -39
SCAN 7C:4F:AD:1E:9A:BD/P -39
SCAN 50:E8:AD:3D:2A:56 -39
SCAN 34:85:18:98:15:89/P -31
SCAN 74:C5:10:AA:9D:B3 -41
SCAN FB:7F:24:F5:45:92 -40
SCAN 50:E8:AD:3D:2A:56 -39
SCAN 0E:53:58:AF:CD:95 -59
SCAN 6D:EA:E0:75:44:7F -39
SCAN 74:C5:10:AA:9D:B3 -39
SCAN 7C:4F:AD:1E:9A:BD/P -39
SCAN 50:E8:AD:3D:2A:56 -40
SCAN 34:85:18:98:15:89/P -31
SCAN 50:E8:AD:3D:2A:56 -41
SCAN 6D:EA:E0:75:44:7F -43
SCAN 74:C5:10:AA:9D:B3 -43
SCAN 50:E8:AD:3D:2A:56 -40
SCAN 7C:4F:AD:1E:9A:BD/P -37
SCAN 6D:EA:E0:75:44:7F -40
SCAN 74:C5:10:AA:9D:B3 -41
SCAN 34:85:18:98:15:89/P -41
SCAN 50:E8:AD:3D:2A:56 -41
SCAN 6D:EA:E0:75:44:7F -39
SCAN 74:C5:10:AA:9D:B3 -40
SCAN 0E:53:58:AF:CD:95 -59
SCAN 50:E8:AD:3D:2A:56 -40
SCAN 7C:4F:AD:1E:9A:BD/P -37
SCAN 7C:4F:AD:20:2A:29/P -31
SCAN 50:E8:AD:3D:2A:56 -43
SCAN 6D:EA:E0:75:44:7F -42
SCAN 74:C5:10:AA:9D:B3 -42
SCAN 50:E8:AD:3D:2A:56 -43
SCAN 74:C5:10:AA:9D:B3 -41
SCAN 6D:EA:E0:75:44:7F -41
SCAN 7C:4F:AD:1E:9A:BD/P -39
SCAN 50:E8:AD:3D:2A:56 -43
SCAN 34:85:18:98:15:89/P -35
SCAN 7C:4F:AD:20:2A:29/P -31
SCAN 50:E8:AD:3D:2A:56 -43
SCAN 74:C5:10:AA:9D:B3 -40
SCAN 6D:EA:E0:75:44:7F -40
SCAN FB:7F:24:F5:45:92 -40
SCAN 50:E8:AD:3D:2A:56 -44
SCAN 0E:53:58:AF:CD:95 -63
SCAN 60:98:66:D1:60:BE/P -56
SCAN 7C:4F:AD:1E:9A:BD/P -38
SCAN 74:C5:10:AA:9D:B3 -43
SCAN 6D:EA:E0:75:44:7F -43
SCAN 50:E8:AD:3D:2A:56 -40
SCAN 34:85:18:98:15:89/P -31
SCAN 7C:4F:AD:20:2A:29/P -31
SCAN 50:E8:AD:3D:2A:56 -40
SCAN 74:C5:10:AA:9D:B3 -41
SCAN 6D:EA:E0:75:44:7F -40
SCAN 50:E8:AD:3D:2A:56 -39
SCAN 7C:4F:AD:1E:9A:BD/P -39
SCAN 34:85:18:98:15:89/P -31
SCAN 74:C5:10:AA:9D:B3 -40
SCAN 6D:EA:E0:75:44:7F -40
SCAN 50:E8:AD:3D:2A:56 -40
SCAN 7C:4F:AD:20:2A:29/P -28
SCAN 50:E8:AD:3D:2A:56 -40
SCAN 74:C5:10:AA:9D:B3 -44
SCAN 6D:EA:E0:75:44:7F -44
SCAN 7C:4F:AD:1E:9A:BD/P -36
SCAN 50:E8:AD:3D:2A:56 -40
SCAN 34:85:18:98:15:89/P -40
SCAN 50:E8:AD:3D:2A:56 -40
SCAN 6D:EA:E0:75:44:7F -40
SCAN 74:C5:10:AA:9D:B3 -40
SCAN 7C:4F:AD:20:2A:29/P -28
SCAN 50:E8:AD:3D:2A:56 -40
SCAN 7C:4F:AD:1E:9A:BD/P -36
SCAN 6D:EA:E0:75:44:7F -40
SCAN 74:C5:10:AA:9D:B3 -40
SCAN 50:E8:AD:3D:2A:56 -40
SCAN 34:85:18:98:15:89/P -40
SCAN FB:7F:24:F5:45:92 -41
SCAN 50:E8:AD:3D:2A:56 -40
SCAN 6D:EA:E0:75:44:7F -44
SCAN 74:C5:10:AA:9D:B3 -43
SCAN 7C:4F:AD:20:2A:29/P -31
SCAN 60:98:66:D1:60:BE/P -57
SCAN 7C:4F:AD:1E:9A:BD/P -39
SCAN 50:E8:AD:3D:2A:56 -40
SCAN 0E:53:58:AF:CD:95 -59
SCAN 74:C5:10:AA:9D:B3 -40
SCAN 6D:EA:E0:75:44:7F -40
SCAN 50:E8:AD:3D:2A:56 -44
SCAN 50:E8:AD:3D:2A:56 -45
SCAN 7C:4F:AD:20:2A:29/P -31
SCAN 74:C5:10:AA:9D:B3 -40
SCAN 6D:EA:E0:75:44:7F -40
SCAN 7C:4F:AD:1E:9A:BD/P -40
SCAN 50:E8:AD:3D:2A:56 -45
SCAN 34:85:18:98:15:89/P -31
SCAN 6D:EA:E0:75:44:7F -45
SCAN 74:C5:10:AA:9D:B3 -46
SCAN 50:E8:AD:3D:2A:56 -46
SCAN 7C:4F:AD:1E:9A:BD/P -40
SCAN 6D:EA:E0:75:44:7F -44
SCAN 74:C5:10:AA:9D:B3 -44
SCAN 0E:53:58:AF:CD:95 -59
SCAN 50:E8:AD:3D:2A:56 -43
SCAN 34:85:18:98:15:89/P -32
SCAN 6D:EA:E0:75:44:7F -39
SCAN 50:E8:AD:3D:2A:56 -38
SCAN 7C:4F:AD:1E:9A:BD/P -35
SCAN 50:E8:AD:3D:2A:56 -42
SCAN 6D:EA:E0:75:44:7F -40
SCAN 74:C5:10:AA:9D:B3 -40
SCAN 34:85:18:98:15:89/P -40
SCAN 50:E8:AD:3D:2A:56 -45
SCAN FB:7F:24:F5:45:92 -44
SCAN 50:E8:AD:3D:2A:56 -38
SCAN 6D:EA:E0:75:44:7F -40
SCAN 74:C5:10:AA:9D:B3 -40
SCAN 60:98:66:D1:60:BE/P -57
SCAN 7C:4F:AD:1E:9A:BD/P -37
SCAN 7C:4F:AD:20:2A:29/P -31
SCAN 0E:53:58:AF:CD:95 -63
SCAN 34:85:18:98:15:89/P -41
SCAN 74:C5:10:AA:9D:B3 -40
SCAN 6D:EA:E0:75:44:7F -40
SCAN 50:E8:AD:3D:2A:56 -39
SCAN 50:E8:AD:3D:2A:56 -40
SCAN 7C:4F:AD:1E:9A:BD/P -35
SCAN 74:C5:10:AA:9D:B3 -39
SCAN 6D:EA:E0:75:44:7F -39
SCAN 50:E8:AD:3D:2A:56 -40
SCAN 34:85:18:98:15:89/P -34
SCAN 6D:EA:E0:75:44:7F -40
SCAN 74:C5:10:AA:9D:B3 -40
SCAN 7C:4F:AD:1E:9A:BD/P -37
SCAN 50:E8:AD:3D:2A:56 -40
SCAN 0E:53:58:AF:CD:95 -62
SCAN 6D:EA:E0:75:44:7F -43
SCAN 74:C5:10:AA:9D:B3 -43
SCAN 34:85:18:98:15:89/P -32
SCAN 50:E8:AD:3D:2A:56 -40
SCAN 50:E8:AD:3D:2A:56 -39
SCAN 6D:EA:E0:75:44:7F -39
SCAN 74:C5:10:AA:9D:B3 -39
SCAN 7C:4F:AD:1E:9A:BD/P -37
SCAN 50:E8:AD:3D:2A:56 -39
SCAN 34:85:18:98:15:89/P -31
SCAN 74:C5:10:AA:9D:B3 -39
SCAN 6D:EA:E0:75:44:7F -39
SCAN 50:E8:AD:3D:2A:56 -38
SCAN FB:7F:24:F5:45:92 -39
SCAN 50:E8:AD:3D:2A:56 -40
SCAN 7C:4F:AD:1E:9A:BD/P -36
SCAN 74:C5:10:AA:9D:B3 -42
SCAN 6D:EA:E0:75:44:7F -42
SCAN 50:E8:AD:3D:2A:56 -39
SCAN 0E:53:58:AF:CD:95 -56
SCAN 34:85:18:98:15:89/P -42
SCAN 74:C5:10:AA:9D:B3 -39
SCAN 6D:EA:E0:75:44:7F -39
SCAN 7C:4F:AD:1E:9A:BD/P -37
SCAN 50:E8:AD:3D:2A:56 -39
SCAN 6D:EA:E0:75:44:7F -38
SCAN 74:C5:10:AA:9D:B3 -38
SCAN 34:85:18:98:15:89/P -42
SCAN 50:E8:AD:3D:2A:56 -39
SCAN 50:E8:AD:3D:2A:56 -40
SCAN 74:C5:10:AA:9D:B3 -40
SCAN 6D:EA:E0:75:44:7F -41
SCAN 7C:4F:AD:1E:9A:BD/P -36
SCAN 50:E8:AD:3D:2A:56 -41
SCAN 34:85:18:98:15:89/P -35
SCAN 0E:53:58:AF:CD:95 -57
SCAN 74:C5:10:AA:9D:B3 -38
SCAN 6D:EA:E0:75:44:7F -38
SCAN 50:E8:AD:3D:2A:56 -40
SCAN 7C:4F:AD:20:2A:29/P -28
SCAN 50:E8:AD:3D:2A:56 -39
SCAN 7C:4F:AD:1E:9A:BD/P -39
SCAN 6D:EA:E0:75:44:7F -37
SCAN 74:C5:10:AA:9D:B3 -37
SCAN 50:E8:AD:3D:2A:56 -40
SCAN 34:85:18:98:15:89/P -35
SCAN FB:7F:24:F5:45:92 -39
SCAN 74:C5:10:AA:9D:B3 -39
SCAN 6D:EA:E0:75:44:7F -39
SCAN 50:E8:AD:3D:2A:56 -40
SCAN 60:98:66:D1:60:BE/P -69
SCAN 7C:4F:AD:1E:9A:BD/P -39
SCAN 74:C5:10:AA:9D:B3 -39
SCAN 6D:EA:E0:75:44:7F -39
SCAN 34:85:18:98:15:89/P -31
SCAN 0E:53:58:AF:CD:95 -60
SCAN 50:E8:AD:3D:2A:56 -37
Traceback (most recent call last):
  File "/home/fab/ota-throughput-20260911/bumble_entry.py", line 103, in <module>
    runpy.run_path(str(ROOT / target), run_name='__main__')
  File "<frozen runpy>", line 291, in run_path
  File "<frozen runpy>", line 98, in _run_module_code
  File "<frozen runpy>", line 88, in _run_code
  File "/home/fab/ota-throughput-20260911/run_ram.py", line 91, in <module>
    asyncio.run(run(ap.parse_args()))
  File "/usr/lib/python3.11/asyncio/runners.py", line 190, in run
    return runner.run(main)
           ^^^^^^^^^^^^^^^^
  File "/usr/lib/python3.11/asyncio/runners.py", line 118, in run
    return self._loop.run_until_complete(task)
           ^^^^^^^^^^^^^^^^^^^^^^^^^^^^^^^^^^^
  File "/usr/lib/python3.11/asyncio/base_events.py", line 653, in run_until_complete
    return future.result()
           ^^^^^^^^^^^^^^^
  File "/home/fab/ota-throughput-20260911/run_ram.py", line 20, in run
    link=await B.connect(cfg)
         ^^^^^^^^^^^^^^^^^^^^
  File "/home/fab/ota-throughput-20260911/bumble_entry.py", line 42, in connect
    link = await original_connect(args, setup=setup)
           ^^^^^^^^^^^^^^^^^^^^^^^^^^^^^^^^^^^^^^^^^
  File "/home/fab/ota-throughput-20260911/node/tools/bench_ble_ota.py", line 70, in connect
    raise RuntimeError('bench device not found')
RuntimeError: bench device not found
