DISCOVERY exact_mac 7C:4F:AD:20:2A:29 'farmnode-202A29' 'farmnode-202A29'
SETUP BENCH HOST adapter_path=None
SETUP OTAB AUTH ok
SETUP BENCH interval requested; inspect link after settling
SETUP BENCH LINK interval=6 mtu=517 phy_known=1 tx=1 rx=1 timeout=72 latency=0
ignoring request, command not supported
BUMBLE {"ce_requested_ms": 0.0, "hci_in_flight": 7, "hci_packet_bytes": 251, "interval_requested_ms": 7.5, "parameters": "Connection.Parameters(connection_interval=7.5, peripheral_latency=0, supervision_timeout=2000.0, subrate_factor=1, continuation_number=0)", "phy": "ConnectionPHY(tx_phy=<Phy.LE_1M: 1>, rx_phy=<Phy.LE_1M: 1>)", "transport": "2C:CF:67:AA:43:02"}
SETUP BENCH LINK interval=6 mtu=517 phy_known=1 tx=1 rx=1 timeout=200 latency=0
SETUP BENCH DLE tx=251 tx_us=2120 rx=251 rx_us=2120
SETUP BENCH RSSI rc=0 dbm=-47
Traceback (most recent call last):
  File "/home/fab/ota-throughput-20260911/bumble_entry.py", line 114, in <module>
    exec("if True:" + cli, namespace)
  File "<string>", line 19, in <module>
  File "/usr/lib/python3.11/asyncio/runners.py", line 190, in run
    return runner.run(main)
           ^^^^^^^^^^^^^^^^
  File "/usr/lib/python3.11/asyncio/runners.py", line 118, in run
    return self._loop.run_until_complete(task)
           ^^^^^^^^^^^^^^^^^^^^^^^^^^^^^^^^^^^
  File "/usr/lib/python3.11/asyncio/base_events.py", line 653, in run_until_complete
    return future.result()
           ^^^^^^^^^^^^^^^
  File "/home/fab/ota-throughput-20260911/node/tools/bench_ble_ota.py", line 194, in run
    raise RuntimeError('chunk %d exceeds characteristic limit %d' % (args.chunk,maximum))
RuntimeError: chunk 244 exceeds characteristic limit 0
